device: cuda
Data A (constant phase): train=60000 val=200 test=512
train SNR [0, 30] dB; val @ 15 dB; lam=0 (pulse L1 only); max_epochs=145 patience=100000 restore_best=False
  lam=0.0000  epoch 001/145  train_loss=2.99722  val_L1@15dB=2.54306
  lam=0.0000  epoch 002/145  train_loss=2.54957  val_L1@15dB=2.39246
  lam=0.0000  epoch 003/145  train_loss=2.45353  val_L1@15dB=2.38029
  lam=0.0000  epoch 004/145  train_loss=2.40481  val_L1@15dB=2.32649
  lam=0.0000  epoch 005/145  train_loss=2.37100  val_L1@15dB=2.30059
  lam=0.0000  epoch 006/145  train_loss=2.34193  val_L1@15dB=2.31223
  lam=0.0000  epoch 007/145  train_loss=2.31767  val_L1@15dB=2.27247
  lam=0.0000  epoch 008/145  train_loss=2.29543  val_L1@15dB=2.27368
  lam=0.0000  epoch 009/145  train_loss=2.28150  val_L1@15dB=2.26937
  lam=0.0000  epoch 010/145  train_loss=2.26060  val_L1@15dB=2.29326
  lam=0.0000  epoch 011/145  train_loss=2.24284  val_L1@15dB=2.30446
  lam=0.0000  epoch 012/145  train_loss=2.22882  val_L1@15dB=2.31357
  lam=0.0000  epoch 013/145  train_loss=2.21409  val_L1@15dB=2.31180
  lam=0.0000  epoch 014/145  train_loss=2.20239  val_L1@15dB=2.34552
  lam=0.0000  epoch 015/145  train_loss=2.18492  val_L1@15dB=2.33188
  lam=0.0000  epoch 016/145  train_loss=2.17610  val_L1@15dB=2.28121
  lam=0.0000  epoch 017/145  train_loss=2.16052  val_L1@15dB=2.28925
  lam=0.0000  epoch 018/145  train_loss=2.14516  val_L1@15dB=2.34160
  lam=0.0000  epoch 019/145  train_loss=2.13001  val_L1@15dB=2.33236
  lam=0.0000  epoch 020/145  train_loss=2.12711  val_L1@15dB=2.32078
  lam=0.0000  epoch 021/145  train_loss=2.10487  val_L1@15dB=2.32821
  lam=0.0000  epoch 022/145  train_loss=2.09447  val_L1@15dB=2.32850
  lam=0.0000  epoch 023/145  train_loss=2.07272  val_L1@15dB=2.36662
  lam=0.0000  epoch 024/145  train_loss=2.06787  val_L1@15dB=2.35514
  lam=0.0000  epoch 025/145  train_loss=2.06343  val_L1@15dB=2.39735
  lam=0.0000  epoch 026/145  train_loss=2.05742  val_L1@15dB=2.40933
  lam=0.0000  epoch 027/145  train_loss=2.03943  val_L1@15dB=2.39329
  lam=0.0000  epoch 028/145  train_loss=2.02406  val_L1@15dB=2.36785
  lam=0.0000  epoch 029/145  train_loss=2.01999  val_L1@15dB=2.39848
  lam=0.0000  epoch 030/145  train_loss=2.01794  val_L1@15dB=2.33765
  lam=0.0000  epoch 031/145  train_loss=2.00008  val_L1@15dB=2.36067
  lam=0.0000  epoch 032/145  train_loss=1.98200  val_L1@15dB=2.39146
  lam=0.0000  epoch 033/145  train_loss=1.99561  val_L1@15dB=2.37214
  lam=0.0000  epoch 034/145  train_loss=1.97550  val_L1@15dB=2.44310
  lam=0.0000  epoch 035/145  train_loss=1.96390  val_L1@15dB=2.40089
  lam=0.0000  epoch 036/145  train_loss=1.95800  val_L1@15dB=2.41036
  lam=0.0000  epoch 037/145  train_loss=1.94853  val_L1@15dB=2.38992
  lam=0.0000  epoch 038/145  train_loss=1.94001  val_L1@15dB=2.37839
  lam=0.0000  epoch 039/145  train_loss=1.93837  val_L1@15dB=2.41206
  lam=0.0000  epoch 040/145  train_loss=1.93825  val_L1@15dB=2.38474
  lam=0.0000  epoch 041/145  train_loss=1.92323  val_L1@15dB=2.42281
  lam=0.0000  epoch 042/145  train_loss=1.90076  val_L1@15dB=2.42151
  lam=0.0000  epoch 043/145  train_loss=1.90638  val_L1@15dB=2.43292
  lam=0.0000  epoch 044/145  train_loss=1.89487  val_L1@15dB=2.41607
  lam=0.0000  epoch 045/145  train_loss=1.88975  val_L1@15dB=2.44907
  lam=0.0000  epoch 046/145  train_loss=1.89746  val_L1@15dB=2.49170
  lam=0.0000  epoch 047/145  train_loss=1.88692  val_L1@15dB=2.41160
  lam=0.0000  epoch 048/145  train_loss=1.87871  val_L1@15dB=2.44012
  lam=0.0000  epoch 049/145  train_loss=1.87213  val_L1@15dB=2.41804
  lam=0.0000  epoch 050/145  train_loss=1.87127  val_L1@15dB=2.40865
  lam=0.0000  epoch 051/145  train_loss=1.86144  val_L1@15dB=2.50564
  lam=0.0000  epoch 052/145  train_loss=1.85132  val_L1@15dB=2.40812
  lam=0.0000  epoch 053/145  train_loss=1.84599  val_L1@15dB=2.46799
  lam=0.0000  epoch 054/145  train_loss=1.83355  val_L1@15dB=2.41476
  lam=0.0000  epoch 055/145  train_loss=1.83683  val_L1@15dB=2.45923
  lam=0.0000  epoch 056/145  train_loss=1.85054  val_L1@15dB=2.44861
  lam=0.0000  epoch 057/145  train_loss=1.82334  val_L1@15dB=2.44986
  lam=0.0000  epoch 058/145  train_loss=1.82593  val_L1@15dB=2.44562
  lam=0.0000  epoch 059/145  train_loss=1.81934  val_L1@15dB=2.37361
  lam=0.0000  epoch 060/145  train_loss=1.82115  val_L1@15dB=2.43348
  lam=0.0000  epoch 061/145  train_loss=1.80406  val_L1@15dB=2.45036
  lam=0.0000  epoch 062/145  train_loss=1.81095  val_L1@15dB=2.42413
  lam=0.0000  epoch 063/145  train_loss=1.80459  val_L1@15dB=2.49643
  lam=0.0000  epoch 064/145  train_loss=1.79358  val_L1@15dB=2.43586
  lam=0.0000  epoch 065/145  train_loss=1.80467  val_L1@15dB=2.43970
  lam=0.0000  epoch 066/145  train_loss=1.78500  val_L1@15dB=2.47269
  lam=0.0000  epoch 067/145  train_loss=1.79702  val_L1@15dB=2.49470
  lam=0.0000  epoch 068/145  train_loss=1.77618  val_L1@15dB=2.41457
  lam=0.0000  epoch 069/145  train_loss=1.77539  val_L1@15dB=2.50193
  lam=0.0000  epoch 070/145  train_loss=1.75776  val_L1@15dB=2.46853
  lam=0.0000  epoch 071/145  train_loss=1.76131  val_L1@15dB=2.45010
  lam=0.0000  epoch 072/145  train_loss=1.77100  val_L1@15dB=2.42767
  lam=0.0000  epoch 073/145  train_loss=1.75623  val_L1@15dB=2.46541
  lam=0.0000  epoch 074/145  train_loss=1.75967  val_L1@15dB=2.48410
  lam=0.0000  epoch 075/145  train_loss=1.76403  val_L1@15dB=2.49684
  lam=0.0000  epoch 076/145  train_loss=1.74672  val_L1@15dB=2.46331
  lam=0.0000  epoch 077/145  train_loss=1.74509  val_L1@15dB=2.52642
  lam=0.0000  epoch 078/145  train_loss=1.74747  val_L1@15dB=2.46680
  lam=0.0000  epoch 079/145  train_loss=1.74201  val_L1@15dB=2.46093
  lam=0.0000  epoch 080/145  train_loss=1.73574  val_L1@15dB=2.49446
  lam=0.0000  epoch 081/145  train_loss=1.72168  val_L1@15dB=2.46072
  lam=0.0000  epoch 082/145  train_loss=1.73661  val_L1@15dB=2.50834
  lam=0.0000  epoch 083/145  train_loss=1.73507  val_L1@15dB=2.53632
  lam=0.0000  epoch 084/145  train_loss=1.72444  val_L1@15dB=2.44089
  lam=0.0000  epoch 085/145  train_loss=1.73549  val_L1@15dB=2.49891
  lam=0.0000  epoch 086/145  train_loss=1.73731  val_L1@15dB=2.47859
  lam=0.0000  epoch 087/145  train_loss=1.71676  val_L1@15dB=2.45699
  lam=0.0000  epoch 088/145  train_loss=1.70043  val_L1@15dB=2.48166
  lam=0.0000  epoch 089/145  train_loss=1.71867  val_L1@15dB=2.52877
  lam=0.0000  epoch 090/145  train_loss=1.71025  val_L1@15dB=2.51322
  lam=0.0000  epoch 091/145  train_loss=1.69738  val_L1@15dB=2.47223
  lam=0.0000  epoch 092/145  train_loss=1.69369  val_L1@15dB=2.53470
  lam=0.0000  epoch 093/145  train_loss=1.70139  val_L1@15dB=2.49872
  lam=0.0000  epoch 094/145  train_loss=1.70448  val_L1@15dB=2.49352
  lam=0.0000  epoch 095/145  train_loss=1.68546  val_L1@15dB=2.44577
  lam=0.0000  epoch 096/145  train_loss=1.68929  val_L1@15dB=2.49176
  lam=0.0000  epoch 097/145  train_loss=1.69361  val_L1@15dB=2.46303
  lam=0.0000  epoch 098/145  train_loss=1.68044  val_L1@15dB=2.48537
  lam=0.0000  epoch 099/145  train_loss=1.68644  val_L1@15dB=2.44745
  lam=0.0000  epoch 100/145  train_loss=1.67992  val_L1@15dB=2.52446
  lam=0.0000  epoch 101/145  train_loss=1.66370  val_L1@15dB=2.49190
  lam=0.0000  epoch 102/145  train_loss=1.67373  val_L1@15dB=2.46364
  lam=0.0000  epoch 103/145  train_loss=1.65964  val_L1@15dB=2.47817
  lam=0.0000  epoch 104/145  train_loss=1.66399  val_L1@15dB=2.51602
  lam=0.0000  epoch 105/145  train_loss=1.66907  val_L1@15dB=2.49061
  lam=0.0000  epoch 106/145  train_loss=1.66679  val_L1@15dB=2.46649
  lam=0.0000  epoch 107/145  train_loss=1.66222  val_L1@15dB=2.46525
  lam=0.0000  epoch 108/145  train_loss=1.66344  val_L1@15dB=2.49684
  lam=0.0000  epoch 109/145  train_loss=1.65820  val_L1@15dB=2.52514
  lam=0.0000  epoch 110/145  train_loss=1.65067  val_L1@15dB=2.58573
  lam=0.0000  epoch 111/145  train_loss=1.64447  val_L1@15dB=2.53115
  lam=0.0000  epoch 112/145  train_loss=1.65787  val_L1@15dB=2.51647
  lam=0.0000  epoch 113/145  train_loss=1.64432  val_L1@15dB=2.52338
  lam=0.0000  epoch 114/145  train_loss=1.63835  val_L1@15dB=2.51707
  lam=0.0000  epoch 115/145  train_loss=1.65553  val_L1@15dB=2.48991
  lam=0.0000  epoch 116/145  train_loss=1.65038  val_L1@15dB=2.47949
  lam=0.0000  epoch 117/145  train_loss=1.64666  val_L1@15dB=2.49459
  lam=0.0000  epoch 118/145  train_loss=1.63121  val_L1@15dB=2.50245
  lam=0.0000  epoch 119/145  train_loss=1.62730  val_L1@15dB=2.52970
  lam=0.0000  epoch 120/145  train_loss=1.63316  val_L1@15dB=2.48627
  lam=0.0000  epoch 121/145  train_loss=1.62692  val_L1@15dB=2.50691
  lam=0.0000  epoch 122/145  train_loss=1.62849  val_L1@15dB=2.47786
  lam=0.0000  epoch 123/145  train_loss=1.63095  val_L1@15dB=2.50462
  lam=0.0000  epoch 124/145  train_loss=1.61930  val_L1@15dB=2.48526
  lam=0.0000  epoch 125/145  train_loss=1.62019  val_L1@15dB=2.51837
  lam=0.0000  epoch 126/145  train_loss=1.62082  val_L1@15dB=2.50642
  lam=0.0000  epoch 127/145  train_loss=1.62632  val_L1@15dB=2.47419
  lam=0.0000  epoch 128/145  train_loss=1.62533  val_L1@15dB=2.50938
  lam=0.0000  epoch 129/145  train_loss=1.60683  val_L1@15dB=2.53198
  lam=0.0000  epoch 130/145  train_loss=1.60926  val_L1@15dB=2.51538
  lam=0.0000  epoch 131/145  train_loss=1.61472  val_L1@15dB=2.49424
  lam=0.0000  epoch 132/145  train_loss=1.62001  val_L1@15dB=2.50407
  lam=0.0000  epoch 133/145  train_loss=1.61717  val_L1@15dB=2.51808
  lam=0.0000  epoch 134/145  train_loss=1.61714  val_L1@15dB=2.47285
  lam=0.0000  epoch 135/145  train_loss=1.60212  val_L1@15dB=2.49609
  lam=0.0000  epoch 136/145  train_loss=1.60797  val_L1@15dB=2.56153
  lam=0.0000  epoch 137/145  train_loss=1.60822  val_L1@15dB=2.46762
  lam=0.0000  epoch 138/145  train_loss=1.61224  val_L1@15dB=2.50680
  lam=0.0000  epoch 139/145  train_loss=1.58782  val_L1@15dB=2.52399
  lam=0.0000  epoch 140/145  train_loss=1.60697  val_L1@15dB=2.51293
  lam=0.0000  epoch 141/145  train_loss=1.60043  val_L1@15dB=2.53621
  lam=0.0000  epoch 142/145  train_loss=1.59092  val_L1@15dB=2.48998
  lam=0.0000  epoch 143/145  train_loss=1.60340  val_L1@15dB=2.51134
  lam=0.0000  epoch 144/145  train_loss=1.57890  val_L1@15dB=2.50295
  lam=0.0000  epoch 145/145  train_loss=1.59810  val_L1@15dB=2.46687
Saved checkpoint: checkpoints\benchmark\stochastic_constant_phase_multires_60k_baseline.pt

SNR sweep on test set (n=512) …
CNN sweep @ -10.0 dB …
CNN sweep @ -5.0 dB …
CNN sweep @ 0.0 dB …
CNN sweep @ 5.0 dB …
CNN sweep @ 10.0 dB …
CNN sweep @ 15.0 dB …
CNN sweep @ 20.0 dB …
CNN sweep @ 25.0 dB …
CNN sweep @ 30.0 dB …
Saved sweep: checkpoints\benchmark\stochastic_constant_phase_multires_60k_baseline_sweep.npz
Done in 7653s
