device: cuda (NVIDIA RTX A2000 Laptop GPU)
notebook C1 padded: T=53.0 fs, N_spikes=300, sigma_spike=1.3250 fs, sigma_t_c=5.7275 fs, N_FFT=128, dE_actual=0.038406 eV
data generation + FROG traces: 10.2s
trace_scale = 15.1807
train=2048 / val=200 / test=512; SNR train [0,30] dB; val @15 dB

--- lam = 0.0000 (1/5) ---
  lam=0.0000  epoch 001/200  train_loss=6.44406  val_L1@15dB=5.93978
  lam=0.0000  epoch 002/200  train_loss=5.97526  val_L1@15dB=5.82891
  lam=0.0000  epoch 003/200  train_loss=5.81066  val_L1@15dB=5.68209
  lam=0.0000  epoch 004/200  train_loss=5.71572  val_L1@15dB=5.59781
  lam=0.0000  epoch 005/200  train_loss=5.67417  val_L1@15dB=5.55056
  lam=0.0000  epoch 006/200  train_loss=5.60116  val_L1@15dB=5.46468
  lam=0.0000  epoch 007/200  train_loss=5.54413  val_L1@15dB=5.39446
  lam=0.0000  epoch 008/200  train_loss=5.45211  val_L1@15dB=5.33830
  lam=0.0000  epoch 009/200  train_loss=5.42756  val_L1@15dB=5.30454
  lam=0.0000  epoch 010/200  train_loss=5.35316  val_L1@15dB=5.28119
  lam=0.0000  epoch 011/200  train_loss=5.27019  val_L1@15dB=5.16278
  lam=0.0000  epoch 012/200  train_loss=5.19111  val_L1@15dB=5.13069
  lam=0.0000  epoch 013/200  train_loss=5.13079  val_L1@15dB=5.18409
  lam=0.0000  epoch 014/200  train_loss=5.01976  val_L1@15dB=5.08624
  lam=0.0000  epoch 015/200  train_loss=4.92457  val_L1@15dB=5.10179
  lam=0.0000  epoch 016/200  train_loss=4.83310  val_L1@15dB=5.18667
  lam=0.0000  epoch 017/200  train_loss=4.72440  val_L1@15dB=5.10855
  lam=0.0000  epoch 018/200  train_loss=4.55564  val_L1@15dB=5.19487
  lam=0.0000  epoch 019/200  train_loss=4.40682  val_L1@15dB=5.27687
  lam=0.0000  epoch 020/200  train_loss=4.19439  val_L1@15dB=5.27704
  lam=0.0000  epoch 021/200  train_loss=3.97327  val_L1@15dB=5.27245
  lam=0.0000  epoch 022/200  train_loss=3.85486  val_L1@15dB=5.36219
  lam=0.0000  epoch 023/200  train_loss=3.61220  val_L1@15dB=5.40197
  lam=0.0000  epoch 024/200  train_loss=3.44328  val_L1@15dB=5.40501
  lam=0.0000  epoch 025/200  train_loss=3.24251  val_L1@15dB=5.39332
  lam=0.0000  epoch 026/200  train_loss=3.09981  val_L1@15dB=5.40620
  lam=0.0000  epoch 027/200  train_loss=2.89382  val_L1@15dB=5.44654
  lam=0.0000  epoch 028/200  train_loss=2.63783  val_L1@15dB=5.47029
  lam=0.0000  epoch 029/200  train_loss=2.58562  val_L1@15dB=5.46120
  lam=0.0000  epoch 030/200  train_loss=2.47285  val_L1@15dB=5.43275
  lam=0.0000  epoch 031/200  train_loss=2.34997  val_L1@15dB=5.52787
  lam=0.0000  epoch 032/200  train_loss=2.30265  val_L1@15dB=5.49111
  lam=0.0000  epoch 033/200  train_loss=2.20570  val_L1@15dB=5.50513
  lam=0.0000  epoch 034/200  train_loss=2.25163  val_L1@15dB=5.57506
  lam=0.0000  epoch 035/200  train_loss=2.08284  val_L1@15dB=5.42796
  lam=0.0000  epoch 036/200  train_loss=1.98297  val_L1@15dB=5.46439
  lam=0.0000  epoch 037/200  train_loss=1.87004  val_L1@15dB=5.36813
  lam=0.0000  epoch 038/200  train_loss=1.78802  val_L1@15dB=5.46837
  lam=0.0000  epoch 039/200  train_loss=1.86397  val_L1@15dB=5.41835
  early stop: no val improvement for 25 epochs; stopped at epoch 39, best epoch 14
  lam=0.0000  best_epoch=14  best_val_L1=5.08624  wall=75.3s

--- lam = 0.7500 (2/5) ---
  lam=0.7500  epoch 001/200  train_loss=11.70999  val_L1@15dB=6.30065
  lam=0.7500  epoch 002/200  train_loss=11.06857  val_L1@15dB=6.29123
  lam=0.7500  epoch 003/200  train_loss=10.99166  val_L1@15dB=6.38958
  lam=0.7500  epoch 004/200  train_loss=10.40327  val_L1@15dB=6.04700
  lam=0.7500  epoch 005/200  train_loss=10.03226  val_L1@15dB=5.94122
  lam=0.7500  epoch 006/200  train_loss=9.87195  val_L1@15dB=5.92861
  lam=0.7500  epoch 007/200  train_loss=9.67487  val_L1@15dB=5.82973
  lam=0.7500  epoch 008/200  train_loss=9.50197  val_L1@15dB=5.73130
  lam=0.7500  epoch 009/200  train_loss=9.35614  val_L1@15dB=5.86761
  lam=0.7500  epoch 010/200  train_loss=9.21725  val_L1@15dB=5.73624
  lam=0.7500  epoch 011/200  train_loss=9.06218  val_L1@15dB=5.73066
  lam=0.7500  epoch 012/200  train_loss=8.94614  val_L1@15dB=5.75404
  lam=0.7500  epoch 013/200  train_loss=8.84436  val_L1@15dB=5.68616
  lam=0.7500  epoch 014/200  train_loss=8.65473  val_L1@15dB=5.64194
  lam=0.7500  epoch 015/200  train_loss=8.56600  val_L1@15dB=5.60632
  lam=0.7500  epoch 016/200  train_loss=8.44665  val_L1@15dB=5.59487
  lam=0.7500  epoch 017/200  train_loss=8.37248  val_L1@15dB=5.55024
  lam=0.7500  epoch 018/200  train_loss=8.26008  val_L1@15dB=5.61717
  lam=0.7500  epoch 019/200  train_loss=8.09592  val_L1@15dB=5.56290
  lam=0.7500  epoch 020/200  train_loss=7.99690  val_L1@15dB=5.48206
  lam=0.7500  epoch 021/200  train_loss=7.86257  val_L1@15dB=5.47771
  lam=0.7500  epoch 022/200  train_loss=7.84053  val_L1@15dB=5.40294
  lam=0.7500  epoch 023/200  train_loss=7.79321  val_L1@15dB=5.43932
  lam=0.7500  epoch 024/200  train_loss=7.58482  val_L1@15dB=5.38255
  lam=0.7500  epoch 025/200  train_loss=7.48592  val_L1@15dB=5.37569
  lam=0.7500  epoch 026/200  train_loss=7.37780  val_L1@15dB=5.35623
  lam=0.7500  epoch 027/200  train_loss=7.19227  val_L1@15dB=5.40972
  lam=0.7500  epoch 028/200  train_loss=7.13767  val_L1@15dB=5.33377
  lam=0.7500  epoch 029/200  train_loss=7.08168  val_L1@15dB=5.34283
  lam=0.7500  epoch 030/200  train_loss=6.91149  val_L1@15dB=5.35640
  lam=0.7500  epoch 031/200  train_loss=6.86614  val_L1@15dB=5.43029
  lam=0.7500  epoch 032/200  train_loss=6.80186  val_L1@15dB=5.35474
  lam=0.7500  epoch 033/200  train_loss=6.50225  val_L1@15dB=5.33133
  lam=0.7500  epoch 034/200  train_loss=6.33783  val_L1@15dB=5.33606
  lam=0.7500  epoch 035/200  train_loss=6.29963  val_L1@15dB=5.33637
  lam=0.7500  epoch 036/200  train_loss=6.21902  val_L1@15dB=5.34688
  lam=0.7500  epoch 037/200  train_loss=6.23208  val_L1@15dB=5.39057
  lam=0.7500  epoch 038/200  train_loss=5.98571  val_L1@15dB=5.36224
  lam=0.7500  epoch 039/200  train_loss=5.93307  val_L1@15dB=5.34215
  lam=0.7500  epoch 040/200  train_loss=5.69472  val_L1@15dB=5.35362
  lam=0.7500  epoch 041/200  train_loss=5.56415  val_L1@15dB=5.41389
  lam=0.7500  epoch 042/200  train_loss=5.52910  val_L1@15dB=5.31235
  lam=0.7500  epoch 043/200  train_loss=5.35851  val_L1@15dB=5.35577
  lam=0.7500  epoch 044/200  train_loss=5.21565  val_L1@15dB=5.35510
  lam=0.7500  epoch 045/200  train_loss=5.04681  val_L1@15dB=5.39033
  lam=0.7500  epoch 046/200  train_loss=5.08301  val_L1@15dB=5.42198
  lam=0.7500  epoch 047/200  train_loss=4.98860  val_L1@15dB=5.38941
  lam=0.7500  epoch 048/200  train_loss=5.02462  val_L1@15dB=5.32982
  lam=0.7500  epoch 049/200  train_loss=4.89020  val_L1@15dB=5.31603
  lam=0.7500  epoch 050/200  train_loss=4.75122  val_L1@15dB=5.31836
  lam=0.7500  epoch 051/200  train_loss=4.57200  val_L1@15dB=5.39312
  lam=0.7500  epoch 052/200  train_loss=4.52109  val_L1@15dB=5.38202
  lam=0.7500  epoch 053/200  train_loss=4.61543  val_L1@15dB=5.34881
  lam=0.7500  epoch 054/200  train_loss=4.59242  val_L1@15dB=5.37939
  lam=0.7500  epoch 055/200  train_loss=4.32895  val_L1@15dB=5.40182
  lam=0.7500  epoch 056/200  train_loss=4.35515  val_L1@15dB=5.39606
  lam=0.7500  epoch 057/200  train_loss=4.15452  val_L1@15dB=5.39710
  lam=0.7500  epoch 058/200  train_loss=4.15281  val_L1@15dB=5.34007
  lam=0.7500  epoch 059/200  train_loss=4.19713  val_L1@15dB=5.44827
  lam=0.7500  epoch 060/200  train_loss=4.08799  val_L1@15dB=5.33279
  lam=0.7500  epoch 061/200  train_loss=4.10736  val_L1@15dB=5.41537
  lam=0.7500  epoch 062/200  train_loss=4.01862  val_L1@15dB=5.41977
  lam=0.7500  epoch 063/200  train_loss=4.06675  val_L1@15dB=5.31150
  lam=0.7500  epoch 064/200  train_loss=3.93945  val_L1@15dB=5.36163
  lam=0.7500  epoch 065/200  train_loss=3.74155  val_L1@15dB=5.38955
  lam=0.7500  epoch 066/200  train_loss=3.75614  val_L1@15dB=5.36433
  lam=0.7500  epoch 067/200  train_loss=3.61382  val_L1@15dB=5.36185
  lam=0.7500  epoch 068/200  train_loss=3.61664  val_L1@15dB=5.35595
  lam=0.7500  epoch 069/200  train_loss=3.60221  val_L1@15dB=5.39543
  lam=0.7500  epoch 070/200  train_loss=3.54253  val_L1@15dB=5.37036
  lam=0.7500  epoch 071/200  train_loss=3.57788  val_L1@15dB=5.36786
  lam=0.7500  epoch 072/200  train_loss=3.66905  val_L1@15dB=5.37506
  lam=0.7500  epoch 073/200  train_loss=3.46542  val_L1@15dB=5.40128
  lam=0.7500  epoch 074/200  train_loss=3.47070  val_L1@15dB=5.45101
  lam=0.7500  epoch 075/200  train_loss=3.60644  val_L1@15dB=5.39389
  lam=0.7500  epoch 076/200  train_loss=3.39375  val_L1@15dB=5.33989
  lam=0.7500  epoch 077/200  train_loss=3.38619  val_L1@15dB=5.36689
  lam=0.7500  epoch 078/200  train_loss=3.48952  val_L1@15dB=5.36326
  lam=0.7500  epoch 079/200  train_loss=3.06250  val_L1@15dB=5.37051
  lam=0.7500  epoch 080/200  train_loss=3.18416  val_L1@15dB=5.37613
  lam=0.7500  epoch 081/200  train_loss=3.13845  val_L1@15dB=5.37217
  lam=0.7500  epoch 082/200  train_loss=3.34515  val_L1@15dB=5.38280
  lam=0.7500  epoch 083/200  train_loss=3.23007  val_L1@15dB=5.40223
  lam=0.7500  epoch 084/200  train_loss=3.18671  val_L1@15dB=5.38412
  lam=0.7500  epoch 085/200  train_loss=3.28730  val_L1@15dB=5.41189
  lam=0.7500  epoch 086/200  train_loss=3.25688  val_L1@15dB=5.35805
  lam=0.7500  epoch 087/200  train_loss=2.94661  val_L1@15dB=5.36709
  lam=0.7500  epoch 088/200  train_loss=3.25797  val_L1@15dB=5.35917
  early stop: no val improvement for 25 epochs; stopped at epoch 88, best epoch 63
  lam=0.7500  best_epoch=63  best_val_L1=5.31150  wall=221.4s

--- lam = 1.5000 (3/5) ---
  lam=1.5000  epoch 001/200  train_loss=16.79086  val_L1@15dB=6.67246
  lam=1.5000  epoch 002/200  train_loss=15.52788  val_L1@15dB=6.71228
  lam=1.5000  epoch 003/200  train_loss=15.48213  val_L1@15dB=6.82313
  lam=1.5000  epoch 004/200  train_loss=15.14733  val_L1@15dB=6.62361
  lam=1.5000  epoch 005/200  train_loss=14.72247  val_L1@15dB=6.59882
  lam=1.5000  epoch 006/200  train_loss=14.04992  val_L1@15dB=6.51041
  lam=1.5000  epoch 007/200  train_loss=13.65319  val_L1@15dB=6.44941
  lam=1.5000  epoch 008/200  train_loss=13.46833  val_L1@15dB=6.32545
  lam=1.5000  epoch 009/200  train_loss=13.05252  val_L1@15dB=6.27545
  lam=1.5000  epoch 010/200  train_loss=12.87238  val_L1@15dB=6.28251
  lam=1.5000  epoch 011/200  train_loss=12.54674  val_L1@15dB=6.20918
  lam=1.5000  epoch 012/200  train_loss=12.30930  val_L1@15dB=6.10697
  lam=1.5000  epoch 013/200  train_loss=12.18594  val_L1@15dB=6.10544
  lam=1.5000  epoch 014/200  train_loss=11.94817  val_L1@15dB=6.04486
  lam=1.5000  epoch 015/200  train_loss=11.86728  val_L1@15dB=5.98267
  lam=1.5000  epoch 016/200  train_loss=11.60231  val_L1@15dB=6.12924
  lam=1.5000  epoch 017/200  train_loss=11.49861  val_L1@15dB=6.00850
  lam=1.5000  epoch 018/200  train_loss=11.36943  val_L1@15dB=5.90687
  lam=1.5000  epoch 019/200  train_loss=11.29351  val_L1@15dB=5.96442
  lam=1.5000  epoch 020/200  train_loss=10.99371  val_L1@15dB=6.00838
  lam=1.5000  epoch 021/200  train_loss=10.89489  val_L1@15dB=5.83119
  lam=1.5000  epoch 022/200  train_loss=10.78733  val_L1@15dB=5.81177
  lam=1.5000  epoch 023/200  train_loss=10.82669  val_L1@15dB=5.80340
  lam=1.5000  epoch 024/200  train_loss=10.62655  val_L1@15dB=5.79125
  lam=1.5000  epoch 025/200  train_loss=10.37530  val_L1@15dB=5.80502
  lam=1.5000  epoch 026/200  train_loss=10.17727  val_L1@15dB=5.72398
  lam=1.5000  epoch 027/200  train_loss=10.09075  val_L1@15dB=5.77511
  lam=1.5000  epoch 028/200  train_loss=10.01723  val_L1@15dB=5.74705
  lam=1.5000  epoch 029/200  train_loss=9.96103  val_L1@15dB=5.77899
  lam=1.5000  epoch 030/200  train_loss=9.90187  val_L1@15dB=5.70507
  lam=1.5000  epoch 031/200  train_loss=9.74293  val_L1@15dB=5.71453
  lam=1.5000  epoch 032/200  train_loss=9.56448  val_L1@15dB=5.75127
  lam=1.5000  epoch 033/200  train_loss=9.47099  val_L1@15dB=5.76273
  lam=1.5000  epoch 034/200  train_loss=9.51821  val_L1@15dB=5.62492
  lam=1.5000  epoch 035/200  train_loss=9.38453  val_L1@15dB=5.68647
  lam=1.5000  epoch 036/200  train_loss=9.30673  val_L1@15dB=5.70906
  lam=1.5000  epoch 037/200  train_loss=9.22445  val_L1@15dB=5.72498
  lam=1.5000  epoch 038/200  train_loss=9.11766  val_L1@15dB=5.67409
  lam=1.5000  epoch 039/200  train_loss=8.92803  val_L1@15dB=5.67738
  lam=1.5000  epoch 040/200  train_loss=8.92044  val_L1@15dB=5.67437
  lam=1.5000  epoch 041/200  train_loss=8.85635  val_L1@15dB=5.70063
  lam=1.5000  epoch 042/200  train_loss=8.78697  val_L1@15dB=5.65307
  lam=1.5000  epoch 043/200  train_loss=8.69845  val_L1@15dB=5.67188
  lam=1.5000  epoch 044/200  train_loss=8.56079  val_L1@15dB=5.73918
  lam=1.5000  epoch 045/200  train_loss=8.45112  val_L1@15dB=5.68335
  lam=1.5000  epoch 046/200  train_loss=8.44249  val_L1@15dB=5.65910
  lam=1.5000  epoch 047/200  train_loss=8.23408  val_L1@15dB=5.63235
  lam=1.5000  epoch 048/200  train_loss=8.38196  val_L1@15dB=5.68948
  lam=1.5000  epoch 049/200  train_loss=8.22276  val_L1@15dB=5.61257
  lam=1.5000  epoch 050/200  train_loss=8.05122  val_L1@15dB=5.64127
  lam=1.5000  epoch 051/200  train_loss=8.00923  val_L1@15dB=5.62772
  lam=1.5000  epoch 052/200  train_loss=8.11906  val_L1@15dB=5.67378
  lam=1.5000  epoch 053/200  train_loss=7.97652  val_L1@15dB=5.61057
  lam=1.5000  epoch 054/200  train_loss=7.82785  val_L1@15dB=5.62089
  lam=1.5000  epoch 055/200  train_loss=7.73269  val_L1@15dB=5.64021
  lam=1.5000  epoch 056/200  train_loss=7.93939  val_L1@15dB=5.60496
  lam=1.5000  epoch 057/200  train_loss=7.72218  val_L1@15dB=5.58914
  lam=1.5000  epoch 058/200  train_loss=7.66417  val_L1@15dB=5.65396
  lam=1.5000  epoch 059/200  train_loss=7.55351  val_L1@15dB=5.65463
  lam=1.5000  epoch 060/200  train_loss=7.60424  val_L1@15dB=5.55825
  lam=1.5000  epoch 061/200  train_loss=7.52574  val_L1@15dB=5.61076
  lam=1.5000  epoch 062/200  train_loss=7.30385  val_L1@15dB=5.63199
  lam=1.5000  epoch 063/200  train_loss=7.42078  val_L1@15dB=5.61272
  lam=1.5000  epoch 064/200  train_loss=7.35809  val_L1@15dB=5.59806
  lam=1.5000  epoch 065/200  train_loss=7.27752  val_L1@15dB=5.60126
  lam=1.5000  epoch 066/200  train_loss=7.31727  val_L1@15dB=5.53753
  lam=1.5000  epoch 067/200  train_loss=7.23228  val_L1@15dB=5.58662
  lam=1.5000  epoch 068/200  train_loss=7.03071  val_L1@15dB=5.57457
  lam=1.5000  epoch 069/200  train_loss=6.89068  val_L1@15dB=5.62109
  lam=1.5000  epoch 070/200  train_loss=6.92830  val_L1@15dB=5.58879
  lam=1.5000  epoch 071/200  train_loss=6.93887  val_L1@15dB=5.50757
  lam=1.5000  epoch 072/200  train_loss=6.82063  val_L1@15dB=5.58845
  lam=1.5000  epoch 073/200  train_loss=6.69768  val_L1@15dB=5.60078
  lam=1.5000  epoch 074/200  train_loss=6.78061  val_L1@15dB=5.54842
  lam=1.5000  epoch 075/200  train_loss=6.75956  val_L1@15dB=5.53773
  lam=1.5000  epoch 076/200  train_loss=6.69348  val_L1@15dB=5.54342
  lam=1.5000  epoch 077/200  train_loss=6.66704  val_L1@15dB=5.55213
  lam=1.5000  epoch 078/200  train_loss=6.70175  val_L1@15dB=5.64353
  lam=1.5000  epoch 079/200  train_loss=6.53238  val_L1@15dB=5.59393
  lam=1.5000  epoch 080/200  train_loss=6.74065  val_L1@15dB=5.58945
  lam=1.5000  epoch 081/200  train_loss=6.73524  val_L1@15dB=5.56705
  lam=1.5000  epoch 082/200  train_loss=6.54655  val_L1@15dB=5.57315
  lam=1.5000  epoch 083/200  train_loss=6.52828  val_L1@15dB=5.62538
  lam=1.5000  epoch 084/200  train_loss=6.60924  val_L1@15dB=5.60613
  lam=1.5000  epoch 085/200  train_loss=6.18754  val_L1@15dB=5.54364
  lam=1.5000  epoch 086/200  train_loss=6.18011  val_L1@15dB=5.54505
  lam=1.5000  epoch 087/200  train_loss=6.23360  val_L1@15dB=5.58029
  lam=1.5000  epoch 088/200  train_loss=6.33945  val_L1@15dB=5.55927
  lam=1.5000  epoch 089/200  train_loss=6.19300  val_L1@15dB=5.57399
  lam=1.5000  epoch 090/200  train_loss=6.42535  val_L1@15dB=5.56403
  lam=1.5000  epoch 091/200  train_loss=6.20725  val_L1@15dB=5.53408
  lam=1.5000  epoch 092/200  train_loss=6.04329  val_L1@15dB=5.51496
  lam=1.5000  epoch 093/200  train_loss=6.20170  val_L1@15dB=5.53634
  lam=1.5000  epoch 094/200  train_loss=6.32984  val_L1@15dB=5.56390
  lam=1.5000  epoch 095/200  train_loss=6.13740  val_L1@15dB=5.53162
  lam=1.5000  epoch 096/200  train_loss=6.13328  val_L1@15dB=5.57088
  early stop: no val improvement for 25 epochs; stopped at epoch 96, best epoch 71
  lam=1.5000  best_epoch=71  best_val_L1=5.50757  wall=241.5s

--- lam = 2.2500 (4/5) ---
  lam=2.2500  epoch 001/200  train_loss=21.91634  val_L1@15dB=6.91625
  lam=2.2500  epoch 002/200  train_loss=19.92924  val_L1@15dB=6.76139
  lam=2.2500  epoch 003/200  train_loss=18.92934  val_L1@15dB=6.88090
  lam=2.2500  epoch 004/200  train_loss=17.64035  val_L1@15dB=6.66364
  lam=2.2500  epoch 005/200  train_loss=17.03414  val_L1@15dB=6.57428
  lam=2.2500  epoch 006/200  train_loss=16.68119  val_L1@15dB=6.50871
  lam=2.2500  epoch 007/200  train_loss=16.21311  val_L1@15dB=6.42782
  lam=2.2500  epoch 008/200  train_loss=15.84050  val_L1@15dB=6.28331
  lam=2.2500  epoch 009/200  train_loss=15.49103  val_L1@15dB=6.39413
  lam=2.2500  epoch 010/200  train_loss=15.18511  val_L1@15dB=6.34159
  lam=2.2500  epoch 011/200  train_loss=15.09010  val_L1@15dB=6.33896
  lam=2.2500  epoch 012/200  train_loss=14.67557  val_L1@15dB=6.33452
  lam=2.2500  epoch 013/200  train_loss=14.47933  val_L1@15dB=6.29753
  lam=2.2500  epoch 014/200  train_loss=14.40756  val_L1@15dB=6.37194
  lam=2.2500  epoch 015/200  train_loss=14.13192  val_L1@15dB=6.29688
  lam=2.2500  epoch 016/200  train_loss=13.96868  val_L1@15dB=6.30839
  lam=2.2500  epoch 017/200  train_loss=13.89407  val_L1@15dB=6.22242
  lam=2.2500  epoch 018/200  train_loss=13.65501  val_L1@15dB=6.28506
  lam=2.2500  epoch 019/200  train_loss=13.53058  val_L1@15dB=6.20723
  lam=2.2500  epoch 020/200  train_loss=13.30810  val_L1@15dB=6.19862
  lam=2.2500  epoch 021/200  train_loss=13.26337  val_L1@15dB=6.18092
  lam=2.2500  epoch 022/200  train_loss=13.05735  val_L1@15dB=6.11330
  lam=2.2500  epoch 023/200  train_loss=12.89536  val_L1@15dB=6.13539
  lam=2.2500  epoch 024/200  train_loss=12.84950  val_L1@15dB=6.09804
  lam=2.2500  epoch 025/200  train_loss=13.02664  val_L1@15dB=6.22353
  lam=2.2500  epoch 026/200  train_loss=12.76168  val_L1@15dB=6.08732
  lam=2.2500  epoch 027/200  train_loss=12.44789  val_L1@15dB=6.05263
  lam=2.2500  epoch 028/200  train_loss=12.27145  val_L1@15dB=6.04176
  lam=2.2500  epoch 029/200  train_loss=12.33860  val_L1@15dB=6.02259
  lam=2.2500  epoch 030/200  train_loss=12.13234  val_L1@15dB=6.02947
  lam=2.2500  epoch 031/200  train_loss=12.05497  val_L1@15dB=6.10188
  lam=2.2500  epoch 032/200  train_loss=11.92292  val_L1@15dB=6.03596
  lam=2.2500  epoch 033/200  train_loss=11.77461  val_L1@15dB=6.10216
  lam=2.2500  epoch 034/200  train_loss=11.92283  val_L1@15dB=5.96485
  lam=2.2500  epoch 035/200  train_loss=11.70747  val_L1@15dB=6.07796
  lam=2.2500  epoch 036/200  train_loss=11.56033  val_L1@15dB=6.04703
  lam=2.2500  epoch 037/200  train_loss=11.55430  val_L1@15dB=6.07358
  lam=2.2500  epoch 038/200  train_loss=11.41258  val_L1@15dB=6.00478
  lam=2.2500  epoch 039/200  train_loss=11.46789  val_L1@15dB=5.89089
  lam=2.2500  epoch 040/200  train_loss=11.29371  val_L1@15dB=6.00658
  lam=2.2500  epoch 041/200  train_loss=11.06024  val_L1@15dB=5.97396
  lam=2.2500  epoch 042/200  train_loss=10.92228  val_L1@15dB=5.98192
  lam=2.2500  epoch 043/200  train_loss=10.82853  val_L1@15dB=5.96830
  lam=2.2500  epoch 044/200  train_loss=11.00517  val_L1@15dB=5.96765
  lam=2.2500  epoch 045/200  train_loss=10.65922  val_L1@15dB=5.94785
  lam=2.2500  epoch 046/200  train_loss=10.63033  val_L1@15dB=5.94259
  lam=2.2500  epoch 047/200  train_loss=10.55448  val_L1@15dB=5.98265
  lam=2.2500  epoch 048/200  train_loss=10.60332  val_L1@15dB=5.96140
  lam=2.2500  epoch 049/200  train_loss=10.53768  val_L1@15dB=5.95113
  lam=2.2500  epoch 050/200  train_loss=10.40571  val_L1@15dB=5.90490
  lam=2.2500  epoch 051/200  train_loss=10.30053  val_L1@15dB=6.02346
  lam=2.2500  epoch 052/200  train_loss=10.44777  val_L1@15dB=5.98931
  lam=2.2500  epoch 053/200  train_loss=10.21904  val_L1@15dB=5.93290
  lam=2.2500  epoch 054/200  train_loss=10.10972  val_L1@15dB=5.92888
  lam=2.2500  epoch 055/200  train_loss=10.11943  val_L1@15dB=5.93052
  lam=2.2500  epoch 056/200  train_loss=9.94168  val_L1@15dB=5.93280
  lam=2.2500  epoch 057/200  train_loss=9.97908  val_L1@15dB=5.88225
  lam=2.2500  epoch 058/200  train_loss=9.89054  val_L1@15dB=5.90296
  lam=2.2500  epoch 059/200  train_loss=9.87835  val_L1@15dB=5.91206
  lam=2.2500  epoch 060/200  train_loss=9.70658  val_L1@15dB=5.87351
  lam=2.2500  epoch 061/200  train_loss=9.74425  val_L1@15dB=5.87217
  lam=2.2500  epoch 062/200  train_loss=10.08230  val_L1@15dB=5.98194
  lam=2.2500  epoch 063/200  train_loss=9.95625  val_L1@15dB=5.92565
  lam=2.2500  epoch 064/200  train_loss=9.63556  val_L1@15dB=5.89619
  lam=2.2500  epoch 065/200  train_loss=9.42603  val_L1@15dB=5.90441
  lam=2.2500  epoch 066/200  train_loss=9.62276  val_L1@15dB=5.93215
  lam=2.2500  epoch 067/200  train_loss=9.41705  val_L1@15dB=5.89082
  lam=2.2500  epoch 068/200  train_loss=9.30878  val_L1@15dB=5.93063
  lam=2.2500  epoch 069/200  train_loss=9.18896  val_L1@15dB=5.88053
  lam=2.2500  epoch 070/200  train_loss=9.21859  val_L1@15dB=5.86457
  lam=2.2500  epoch 071/200  train_loss=9.22146  val_L1@15dB=5.90199
  lam=2.2500  epoch 072/200  train_loss=9.23552  val_L1@15dB=5.85537
  lam=2.2500  epoch 073/200  train_loss=9.11459  val_L1@15dB=5.88116
  lam=2.2500  epoch 074/200  train_loss=9.15351  val_L1@15dB=5.85905
  lam=2.2500  epoch 075/200  train_loss=9.13140  val_L1@15dB=5.83580
  lam=2.2500  epoch 076/200  train_loss=9.02165  val_L1@15dB=5.84729
  lam=2.2500  epoch 077/200  train_loss=9.00706  val_L1@15dB=5.82161
  lam=2.2500  epoch 078/200  train_loss=8.99805  val_L1@15dB=5.85860
  lam=2.2500  epoch 079/200  train_loss=8.78515  val_L1@15dB=5.85052
  lam=2.2500  epoch 080/200  train_loss=8.89871  val_L1@15dB=5.85522
  lam=2.2500  epoch 081/200  train_loss=8.68509  val_L1@15dB=5.81232
  lam=2.2500  epoch 082/200  train_loss=8.53559  val_L1@15dB=5.86976
  lam=2.2500  epoch 083/200  train_loss=8.57315  val_L1@15dB=5.88970
  lam=2.2500  epoch 084/200  train_loss=8.76337  val_L1@15dB=5.83336
  lam=2.2500  epoch 085/200  train_loss=8.65145  val_L1@15dB=5.85816
  lam=2.2500  epoch 086/200  train_loss=8.67306  val_L1@15dB=5.80162
  lam=2.2500  epoch 087/200  train_loss=8.41633  val_L1@15dB=5.86594
  lam=2.2500  epoch 088/200  train_loss=8.39660  val_L1@15dB=5.81846
  lam=2.2500  epoch 089/200  train_loss=8.63356  val_L1@15dB=5.84763
  lam=2.2500  epoch 090/200  train_loss=8.63653  val_L1@15dB=5.80725
  lam=2.2500  epoch 091/200  train_loss=8.62633  val_L1@15dB=5.82361
  lam=2.2500  epoch 092/200  train_loss=8.39260  val_L1@15dB=5.78651
  lam=2.2500  epoch 093/200  train_loss=8.33129  val_L1@15dB=5.85083
  lam=2.2500  epoch 094/200  train_loss=8.25374  val_L1@15dB=5.85546
  lam=2.2500  epoch 095/200  train_loss=8.33010  val_L1@15dB=5.79288
  lam=2.2500  epoch 096/200  train_loss=8.39313  val_L1@15dB=5.77621
  lam=2.2500  epoch 097/200  train_loss=8.30685  val_L1@15dB=5.82408
  lam=2.2500  epoch 098/200  train_loss=8.27861  val_L1@15dB=5.78412
  lam=2.2500  epoch 099/200  train_loss=8.32906  val_L1@15dB=5.82036
  lam=2.2500  epoch 100/200  train_loss=8.14743  val_L1@15dB=5.82110
  lam=2.2500  epoch 101/200  train_loss=8.34253  val_L1@15dB=5.81093
  lam=2.2500  epoch 102/200  train_loss=8.37835  val_L1@15dB=5.83660
  lam=2.2500  epoch 103/200  train_loss=8.12541  val_L1@15dB=5.76358
  lam=2.2500  epoch 104/200  train_loss=8.07990  val_L1@15dB=5.79998
  lam=2.2500  epoch 105/200  train_loss=8.04192  val_L1@15dB=5.78558
  lam=2.2500  epoch 106/200  train_loss=8.09496  val_L1@15dB=5.81297
  lam=2.2500  epoch 107/200  train_loss=7.99365  val_L1@15dB=5.82121
  lam=2.2500  epoch 108/200  train_loss=7.96865  val_L1@15dB=5.79236
  lam=2.2500  epoch 109/200  train_loss=7.77107  val_L1@15dB=5.75133
  lam=2.2500  epoch 110/200  train_loss=7.96895  val_L1@15dB=5.80395
  lam=2.2500  epoch 111/200  train_loss=8.02377  val_L1@15dB=5.76485
  lam=2.2500  epoch 112/200  train_loss=8.05946  val_L1@15dB=5.76348
  lam=2.2500  epoch 113/200  train_loss=7.78657  val_L1@15dB=5.80574
  lam=2.2500  epoch 114/200  train_loss=7.74727  val_L1@15dB=5.78129
  lam=2.2500  epoch 115/200  train_loss=7.81655  val_L1@15dB=5.80164
  lam=2.2500  epoch 116/200  train_loss=7.74115  val_L1@15dB=5.79836
  lam=2.2500  epoch 117/200  train_loss=7.78110  val_L1@15dB=5.77222
  lam=2.2500  epoch 118/200  train_loss=7.83089  val_L1@15dB=5.74079
  lam=2.2500  epoch 119/200  train_loss=7.82423  val_L1@15dB=5.80742
  lam=2.2500  epoch 120/200  train_loss=7.47951  val_L1@15dB=5.74542
  lam=2.2500  epoch 121/200  train_loss=7.74508  val_L1@15dB=5.76371
  lam=2.2500  epoch 122/200  train_loss=7.94668  val_L1@15dB=5.79577
  lam=2.2500  epoch 123/200  train_loss=7.82299  val_L1@15dB=5.76032
  lam=2.2500  epoch 124/200  train_loss=7.63196  val_L1@15dB=5.73684
  lam=2.2500  epoch 125/200  train_loss=7.71970  val_L1@15dB=5.76029
  lam=2.2500  epoch 126/200  train_loss=7.49871  val_L1@15dB=5.71260
  lam=2.2500  epoch 127/200  train_loss=7.57549  val_L1@15dB=5.72935
  lam=2.2500  epoch 128/200  train_loss=7.49902  val_L1@15dB=5.76761
  lam=2.2500  epoch 129/200  train_loss=7.51374  val_L1@15dB=5.76135
  lam=2.2500  epoch 130/200  train_loss=7.46955  val_L1@15dB=5.77608
  lam=2.2500  epoch 131/200  train_loss=7.47753  val_L1@15dB=5.75081
  lam=2.2500  epoch 132/200  train_loss=7.64196  val_L1@15dB=5.74815
  lam=2.2500  epoch 133/200  train_loss=7.80462  val_L1@15dB=5.71032
  lam=2.2500  epoch 134/200  train_loss=7.58002  val_L1@15dB=5.75407
  lam=2.2500  epoch 135/200  train_loss=7.37239  val_L1@15dB=5.74063
  lam=2.2500  epoch 136/200  train_loss=7.70075  val_L1@15dB=5.73947
  lam=2.2500  epoch 137/200  train_loss=7.56988  val_L1@15dB=5.72748
  lam=2.2500  epoch 138/200  train_loss=7.37695  val_L1@15dB=5.71302
  lam=2.2500  epoch 139/200  train_loss=7.20583  val_L1@15dB=5.74018
  lam=2.2500  epoch 140/200  train_loss=7.25445  val_L1@15dB=5.73563
  lam=2.2500  epoch 141/200  train_loss=7.59938  val_L1@15dB=5.78080
  lam=2.2500  epoch 142/200  train_loss=7.57790  val_L1@15dB=5.76871
  lam=2.2500  epoch 143/200  train_loss=6.93634  val_L1@15dB=5.70382
  lam=2.2500  epoch 144/200  train_loss=7.21224  val_L1@15dB=5.75346
  lam=2.2500  epoch 145/200  train_loss=7.28362  val_L1@15dB=5.72009
  lam=2.2500  epoch 146/200  train_loss=7.32741  val_L1@15dB=5.75749
  lam=2.2500  epoch 147/200  train_loss=7.02415  val_L1@15dB=5.75893
  lam=2.2500  epoch 148/200  train_loss=7.13942  val_L1@15dB=5.68791
  lam=2.2500  epoch 149/200  train_loss=7.05728  val_L1@15dB=5.71200
  lam=2.2500  epoch 150/200  train_loss=7.17933  val_L1@15dB=5.69557
  lam=2.2500  epoch 151/200  train_loss=7.02278  val_L1@15dB=5.68809
  lam=2.2500  epoch 152/200  train_loss=7.15019  val_L1@15dB=5.69711
  lam=2.2500  epoch 153/200  train_loss=6.88783  val_L1@15dB=5.71963
  lam=2.2500  epoch 154/200  train_loss=7.16869  val_L1@15dB=5.70295
  lam=2.2500  epoch 155/200  train_loss=7.31461  val_L1@15dB=5.67622
  lam=2.2500  epoch 156/200  train_loss=7.12142  val_L1@15dB=5.75433
  lam=2.2500  epoch 157/200  train_loss=7.12594  val_L1@15dB=5.68727
  lam=2.2500  epoch 158/200  train_loss=7.24854  val_L1@15dB=5.72571
  lam=2.2500  epoch 159/200  train_loss=7.23955  val_L1@15dB=5.71863
  lam=2.2500  epoch 160/200  train_loss=7.22554  val_L1@15dB=5.67048
  lam=2.2500  epoch 161/200  train_loss=7.13691  val_L1@15dB=5.71264
  lam=2.2500  epoch 162/200  train_loss=7.12980  val_L1@15dB=5.67414
  lam=2.2500  epoch 163/200  train_loss=7.19592  val_L1@15dB=5.71572
  lam=2.2500  epoch 164/200  train_loss=6.99564  val_L1@15dB=5.68451
  lam=2.2500  epoch 165/200  train_loss=6.95694  val_L1@15dB=5.68822
  lam=2.2500  epoch 166/200  train_loss=6.96577  val_L1@15dB=5.73132
  lam=2.2500  epoch 167/200  train_loss=6.83212  val_L1@15dB=5.67646
  lam=2.2500  epoch 168/200  train_loss=6.89716  val_L1@15dB=5.71947
  lam=2.2500  epoch 169/200  train_loss=6.83167  val_L1@15dB=5.69310
  lam=2.2500  epoch 170/200  train_loss=7.13208  val_L1@15dB=5.70043
  lam=2.2500  epoch 171/200  train_loss=6.91376  val_L1@15dB=5.65615
  lam=2.2500  epoch 172/200  train_loss=6.73024  val_L1@15dB=5.70229
  lam=2.2500  epoch 173/200  train_loss=7.04913  val_L1@15dB=5.67258
  lam=2.2500  epoch 174/200  train_loss=6.83825  val_L1@15dB=5.70059
  lam=2.2500  epoch 175/200  train_loss=6.97091  val_L1@15dB=5.69398
  lam=2.2500  epoch 176/200  train_loss=6.81182  val_L1@15dB=5.67911
  lam=2.2500  epoch 177/200  train_loss=6.77563  val_L1@15dB=5.65105
  lam=2.2500  epoch 178/200  train_loss=6.86208  val_L1@15dB=5.66655
  lam=2.2500  epoch 179/200  train_loss=6.48094  val_L1@15dB=5.68221
  lam=2.2500  epoch 180/200  train_loss=6.82710  val_L1@15dB=5.67601
  lam=2.2500  epoch 181/200  train_loss=6.58852  val_L1@15dB=5.68142
  lam=2.2500  epoch 182/200  train_loss=6.75922  val_L1@15dB=5.67044
  lam=2.2500  epoch 183/200  train_loss=6.81199  val_L1@15dB=5.68227
  lam=2.2500  epoch 184/200  train_loss=6.93996  val_L1@15dB=5.71969
  lam=2.2500  epoch 185/200  train_loss=6.83017  val_L1@15dB=5.62950
  lam=2.2500  epoch 186/200  train_loss=6.71019  val_L1@15dB=5.67904
  lam=2.2500  epoch 187/200  train_loss=6.72507  val_L1@15dB=5.63378
  lam=2.2500  epoch 188/200  train_loss=6.72599  val_L1@15dB=5.68706
  lam=2.2500  epoch 189/200  train_loss=6.65776  val_L1@15dB=5.68062
  lam=2.2500  epoch 190/200  train_loss=7.07069  val_L1@15dB=5.67823
  lam=2.2500  epoch 191/200  train_loss=6.93164  val_L1@15dB=5.68806
  lam=2.2500  epoch 192/200  train_loss=6.60672  val_L1@15dB=5.65074
  lam=2.2500  epoch 193/200  train_loss=6.57649  val_L1@15dB=5.67822
  lam=2.2500  epoch 194/200  train_loss=6.26320  val_L1@15dB=5.68017
  lam=2.2500  epoch 195/200  train_loss=6.46083  val_L1@15dB=5.68658
  lam=2.2500  epoch 196/200  train_loss=6.69386  val_L1@15dB=5.65962
  lam=2.2500  epoch 197/200  train_loss=6.56664  val_L1@15dB=5.68102
  lam=2.2500  epoch 198/200  train_loss=6.94347  val_L1@15dB=5.69530
  lam=2.2500  epoch 199/200  train_loss=6.53089  val_L1@15dB=5.64582
  lam=2.2500  epoch 200/200  train_loss=6.56868  val_L1@15dB=5.71325
  lam=2.2500  best_epoch=185  best_val_L1=5.62950  wall=476.2s

--- lam = 3.0000 (5/5) ---
  lam=3.0000  epoch 001/200  train_loss=31.63954  val_L1@15dB=6.83016
  lam=3.0000  epoch 002/200  train_loss=28.45557  val_L1@15dB=7.25238
  lam=3.0000  epoch 003/200  train_loss=24.21618  val_L1@15dB=6.87708
  lam=3.0000  epoch 004/200  train_loss=23.91636  val_L1@15dB=6.77433
  lam=3.0000  epoch 005/200  train_loss=23.90373  val_L1@15dB=6.82404
  lam=3.0000  epoch 006/200  train_loss=23.89491  val_L1@15dB=6.82557
  lam=3.0000  epoch 007/200  train_loss=23.91581  val_L1@15dB=6.80676
  lam=3.0000  epoch 008/200  train_loss=23.88618  val_L1@15dB=6.77848
  lam=3.0000  epoch 009/200  train_loss=23.95569  val_L1@15dB=6.89148
  lam=3.0000  epoch 010/200  train_loss=24.05472  val_L1@15dB=6.95038
  lam=3.0000  epoch 011/200  train_loss=23.74375  val_L1@15dB=6.86944
  lam=3.0000  epoch 012/200  train_loss=21.54066  val_L1@15dB=6.92174
  lam=3.0000  epoch 013/200  train_loss=20.66557  val_L1@15dB=6.83888
  lam=3.0000  epoch 014/200  train_loss=20.17628  val_L1@15dB=6.63574
  lam=3.0000  epoch 015/200  train_loss=20.04313  val_L1@15dB=6.67144
  lam=3.0000  epoch 016/200  train_loss=19.54848  val_L1@15dB=6.68616
  lam=3.0000  epoch 017/200  train_loss=19.12929  val_L1@15dB=6.65041
  lam=3.0000  epoch 018/200  train_loss=18.61533  val_L1@15dB=6.78342
  lam=3.0000  epoch 019/200  train_loss=18.27732  val_L1@15dB=6.62238
  lam=3.0000  epoch 020/200  train_loss=17.96023  val_L1@15dB=6.65230
  lam=3.0000  epoch 021/200  train_loss=17.49722  val_L1@15dB=6.63177
  lam=3.0000  epoch 022/200  train_loss=17.39283  val_L1@15dB=6.70683
  lam=3.0000  epoch 023/200  train_loss=17.35986  val_L1@15dB=6.61939
  lam=3.0000  epoch 024/200  train_loss=16.73093  val_L1@15dB=6.55814
  lam=3.0000  epoch 025/200  train_loss=16.63428  val_L1@15dB=6.49577
  lam=3.0000  epoch 026/200  train_loss=16.47127  val_L1@15dB=6.52766
  lam=3.0000  epoch 027/200  train_loss=16.17127  val_L1@15dB=6.54498
  lam=3.0000  epoch 028/200  train_loss=16.13565  val_L1@15dB=6.55484
  lam=3.0000  epoch 029/200  train_loss=16.06328  val_L1@15dB=6.43092
  lam=3.0000  epoch 030/200  train_loss=15.80890  val_L1@15dB=6.55052
  lam=3.0000  epoch 031/200  train_loss=15.57037  val_L1@15dB=6.51111
  lam=3.0000  epoch 032/200  train_loss=15.47009  val_L1@15dB=6.42108
  lam=3.0000  epoch 033/200  train_loss=15.35096  val_L1@15dB=6.48152
  lam=3.0000  epoch 034/200  train_loss=15.19352  val_L1@15dB=6.36610
  lam=3.0000  epoch 035/200  train_loss=15.12021  val_L1@15dB=6.52593
  lam=3.0000  epoch 036/200  train_loss=14.90770  val_L1@15dB=6.35865
  lam=3.0000  epoch 037/200  train_loss=14.97563  val_L1@15dB=6.49582
  lam=3.0000  epoch 038/200  train_loss=14.73212  val_L1@15dB=6.40669
  lam=3.0000  epoch 039/200  train_loss=14.64414  val_L1@15dB=6.43224
  lam=3.0000  epoch 040/200  train_loss=14.58827  val_L1@15dB=6.42416
  lam=3.0000  epoch 041/200  train_loss=14.52225  val_L1@15dB=6.37218
  lam=3.0000  epoch 042/200  train_loss=14.28335  val_L1@15dB=6.40331
  lam=3.0000  epoch 043/200  train_loss=14.26701  val_L1@15dB=6.28632
  lam=3.0000  epoch 044/200  train_loss=14.41804  val_L1@15dB=6.43284
  lam=3.0000  epoch 045/200  train_loss=14.08970  val_L1@15dB=6.38549
  lam=3.0000  epoch 046/200  train_loss=14.03238  val_L1@15dB=6.38968
  lam=3.0000  epoch 047/200  train_loss=13.87419  val_L1@15dB=6.38463
  lam=3.0000  epoch 048/200  train_loss=13.85526  val_L1@15dB=6.33876
  lam=3.0000  epoch 049/200  train_loss=13.89185  val_L1@15dB=6.43203
  lam=3.0000  epoch 050/200  train_loss=13.90320  val_L1@15dB=6.34218
  lam=3.0000  epoch 051/200  train_loss=13.64854  val_L1@15dB=6.39649
  lam=3.0000  epoch 052/200  train_loss=13.48318  val_L1@15dB=6.36988
  lam=3.0000  epoch 053/200  train_loss=13.50198  val_L1@15dB=6.37402
  lam=3.0000  epoch 054/200  train_loss=13.34582  val_L1@15dB=6.38229
  lam=3.0000  epoch 055/200  train_loss=13.26561  val_L1@15dB=6.35810
  lam=3.0000  epoch 056/200  train_loss=13.36160  val_L1@15dB=6.29057
  lam=3.0000  epoch 057/200  train_loss=13.14877  val_L1@15dB=6.35181
  lam=3.0000  epoch 058/200  train_loss=13.28933  val_L1@15dB=6.32017
  lam=3.0000  epoch 059/200  train_loss=13.03845  val_L1@15dB=6.34521
  lam=3.0000  epoch 060/200  train_loss=13.02477  val_L1@15dB=6.35589
  lam=3.0000  epoch 061/200  train_loss=12.87018  val_L1@15dB=6.32058
  lam=3.0000  epoch 062/200  train_loss=12.91626  val_L1@15dB=6.28746
  lam=3.0000  epoch 063/200  train_loss=12.80863  val_L1@15dB=6.33709
  lam=3.0000  epoch 064/200  train_loss=12.58289  val_L1@15dB=6.32612
  lam=3.0000  epoch 065/200  train_loss=12.63101  val_L1@15dB=6.32996
  lam=3.0000  epoch 066/200  train_loss=12.79710  val_L1@15dB=6.36914
  lam=3.0000  epoch 067/200  train_loss=12.67251  val_L1@15dB=6.34424
  lam=3.0000  epoch 068/200  train_loss=12.53435  val_L1@15dB=6.28676
  early stop: no val improvement for 25 epochs; stopped at epoch 68, best epoch 43
  lam=3.0000  best_epoch=43  best_val_L1=6.28632  wall=161.5s

All lambda checkpoints saved under D:\Haim\Haim 3rd paper\Ultra-Fast project\src\checkpoints\benchmark\stochastic_c1_padded_multires_2k_noisy_trace_lambda
λ-grid wall time: 1176.2s

lambda* = 0.0000  (best val L1 = 5.08624)
baseline λ = 0.0000  (best val L1 = 5.08624)

SNR sweep (λ*=0.0000) …
CNN sweep @ -10.0 dB …
CNN sweep @ -5.0 dB …
CNN sweep @ 0.0 dB …
CNN sweep @ 5.0 dB …
CNN sweep @ 10.0 dB …
CNN sweep @ 15.0 dB …
CNN sweep @ 20.0 dB …
CNN sweep @ 25.0 dB …
CNN sweep @ 30.0 dB …

SNR sweep (baseline λ=0.0000, no trace loss) …
CNN sweep @ -10.0 dB …
CNN sweep @ -5.0 dB …
CNN sweep @ 0.0 dB …
CNN sweep @ 5.0 dB …
CNN sweep @ 10.0 dB …
CNN sweep @ 15.0 dB …
CNN sweep @ 20.0 dB …
CNN sweep @ 25.0 dB …
CNN sweep @ 30.0 dB …
SNR sweeps wall time: 57.6s
Done. Total wall (data+train+sweeps approx): 1244.2s
