device: cuda
λ grid: [0.   0.75]
λ* / early-stop criterion: val pulse L1 best-ambiguity

======== (1) phase=t0, flip=Re | mode=t0_re ========
trace_scale=7.7260

--- t0_re lam=0.0000 ---
  lam=0.0000  epoch 001/200  train_pulse_L1=5.82328  val_L1=5.17465  val_L1_amb=4.58734
  lam=0.0000  epoch 002/200  train_pulse_L1=5.27349  val_L1=5.04332  val_L1_amb=4.38987
  lam=0.0000  epoch 003/200  train_pulse_L1=5.17353  val_L1=4.89657  val_L1_amb=4.26290
  lam=0.0000  epoch 004/200  train_pulse_L1=4.86254  val_L1=4.59953  val_L1_amb=3.80835
  lam=0.0000  epoch 005/200  train_pulse_L1=4.67473  val_L1=4.48867  val_L1_amb=3.80611
  lam=0.0000  epoch 006/200  train_pulse_L1=4.60046  val_L1=4.44232  val_L1_amb=3.78091
  lam=0.0000  epoch 007/200  train_pulse_L1=4.55893  val_L1=4.39369  val_L1_amb=3.67892
  lam=0.0000  epoch 008/200  train_pulse_L1=4.52148  val_L1=4.37352  val_L1_amb=3.70987
  lam=0.0000  epoch 009/200  train_pulse_L1=4.46476  val_L1=4.32267  val_L1_amb=3.55447
  lam=0.0000  epoch 010/200  train_pulse_L1=4.40839  val_L1=4.27758  val_L1_amb=3.49308
  lam=0.0000  epoch 011/200  train_pulse_L1=4.36479  val_L1=4.23754  val_L1_amb=3.43933
  lam=0.0000  epoch 012/200  train_pulse_L1=4.33493  val_L1=4.21435  val_L1_amb=3.24577
  lam=0.0000  epoch 013/200  train_pulse_L1=4.27012  val_L1=4.14127  val_L1_amb=3.29496
  lam=0.0000  epoch 014/200  train_pulse_L1=4.21001  val_L1=4.15340  val_L1_amb=3.26598
  lam=0.0000  epoch 015/200  train_pulse_L1=4.16502  val_L1=4.13977  val_L1_amb=3.16453
  lam=0.0000  epoch 016/200  train_pulse_L1=4.11758  val_L1=4.13000  val_L1_amb=3.06269
  lam=0.0000  epoch 017/200  train_pulse_L1=4.06579  val_L1=4.13955  val_L1_amb=3.06664
  lam=0.0000  epoch 018/200  train_pulse_L1=4.01309  val_L1=4.09569  val_L1_amb=3.03954
  lam=0.0000  epoch 019/200  train_pulse_L1=3.96645  val_L1=4.12001  val_L1_amb=3.14237
  lam=0.0000  epoch 020/200  train_pulse_L1=3.90373  val_L1=4.10066  val_L1_amb=3.04403
  lam=0.0000  epoch 021/200  train_pulse_L1=3.84371  val_L1=4.11313  val_L1_amb=2.98949
  lam=0.0000  epoch 022/200  train_pulse_L1=3.79807  val_L1=4.16099  val_L1_amb=3.05865
  lam=0.0000  epoch 023/200  train_pulse_L1=3.72070  val_L1=4.11077  val_L1_amb=2.95841
  lam=0.0000  epoch 024/200  train_pulse_L1=3.65084  val_L1=4.16879  val_L1_amb=3.04569
  lam=0.0000  epoch 025/200  train_pulse_L1=3.58157  val_L1=4.18382  val_L1_amb=2.97918
  lam=0.0000  epoch 026/200  train_pulse_L1=3.50660  val_L1=4.20777  val_L1_amb=2.94179
  lam=0.0000  epoch 027/200  train_pulse_L1=3.37763  val_L1=4.16409  val_L1_amb=3.00306
  lam=0.0000  epoch 028/200  train_pulse_L1=3.25143  val_L1=4.23445  val_L1_amb=2.97267
  lam=0.0000  epoch 029/200  train_pulse_L1=3.21473  val_L1=4.24570  val_L1_amb=2.96009
  lam=0.0000  epoch 030/200  train_pulse_L1=3.16942  val_L1=4.27640  val_L1_amb=3.07278
  lam=0.0000  epoch 031/200  train_pulse_L1=3.02312  val_L1=4.28092  val_L1_amb=3.03462
  lam=0.0000  epoch 032/200  train_pulse_L1=2.96749  val_L1=4.31692  val_L1_amb=3.00299
  lam=0.0000  epoch 033/200  train_pulse_L1=2.86431  val_L1=4.27549  val_L1_amb=2.89952
  lam=0.0000  epoch 034/200  train_pulse_L1=2.83529  val_L1=4.38865  val_L1_amb=3.00881
  lam=0.0000  epoch 035/200  train_pulse_L1=2.68582  val_L1=4.42565  val_L1_amb=3.03760
  lam=0.0000  epoch 036/200  train_pulse_L1=2.62147  val_L1=4.38834  val_L1_amb=3.03245
  lam=0.0000  epoch 037/200  train_pulse_L1=2.48943  val_L1=4.41523  val_L1_amb=3.01189
  lam=0.0000  epoch 038/200  train_pulse_L1=2.40626  val_L1=4.39181  val_L1_amb=3.04453
  lam=0.0000  epoch 039/200  train_pulse_L1=2.41514  val_L1=4.42201  val_L1_amb=3.04600
  lam=0.0000  epoch 040/200  train_pulse_L1=2.24051  val_L1=4.38814  val_L1_amb=3.02364
  lam=0.0000  epoch 041/200  train_pulse_L1=2.25880  val_L1=4.37863  val_L1_amb=3.06537
  lam=0.0000  epoch 042/200  train_pulse_L1=2.18459  val_L1=4.45434  val_L1_amb=3.08069
  lam=0.0000  epoch 043/200  train_pulse_L1=2.07662  val_L1=4.41860  val_L1_amb=3.04430
  lam=0.0000  epoch 044/200  train_pulse_L1=2.06051  val_L1=4.46000  val_L1_amb=3.13185
  lam=0.0000  epoch 045/200  train_pulse_L1=2.02286  val_L1=4.44698  val_L1_amb=3.05849
  lam=0.0000  epoch 046/200  train_pulse_L1=1.86627  val_L1=4.42054  val_L1_amb=3.00802
  lam=0.0000  epoch 047/200  train_pulse_L1=1.89503  val_L1=4.48891  val_L1_amb=3.05658
  lam=0.0000  epoch 048/200  train_pulse_L1=1.78102  val_L1=4.46866  val_L1_amb=3.08187
  lam=0.0000  epoch 049/200  train_pulse_L1=1.78314  val_L1=4.54093  val_L1_amb=3.06657
  lam=0.0000  epoch 050/200  train_pulse_L1=1.79214  val_L1=4.44509  val_L1_amb=3.08727
  lam=0.0000  epoch 051/200  train_pulse_L1=1.68144  val_L1=4.45784  val_L1_amb=3.02586
  lam=0.0000  epoch 052/200  train_pulse_L1=1.69833  val_L1=4.44874  val_L1_amb=3.03429
  lam=0.0000  epoch 053/200  train_pulse_L1=1.64122  val_L1=4.46240  val_L1_amb=3.08718
  lam=0.0000  epoch 054/200  train_pulse_L1=1.65779  val_L1=4.48649  val_L1_amb=3.05704
  lam=0.0000  epoch 055/200  train_pulse_L1=1.64030  val_L1=4.46770  val_L1_amb=3.06306
  lam=0.0000  epoch 056/200  train_pulse_L1=1.54656  val_L1=4.44104  val_L1_amb=3.08466
  lam=0.0000  epoch 057/200  train_pulse_L1=1.50780  val_L1=4.46667  val_L1_amb=3.07878
  lam=0.0000  epoch 058/200  train_pulse_L1=1.42206  val_L1=4.39428  val_L1_amb=3.09291
  early stop on val_L1_amb: patience=25, stopped=58, best_ep=33
  done lam=0.00  train=2.8643  val_raw=4.2755  val_amb=2.8995  wall=147s

--- t0_re lam=0.7500 ---
  lam=0.7500  epoch 001/200  train_pulse_L1=6.12539  val_L1=5.38058  val_L1_amb=4.34642
  lam=0.7500  epoch 002/200  train_pulse_L1=5.56286  val_L1=5.48113  val_L1_amb=4.29349
  lam=0.7500  epoch 003/200  train_pulse_L1=5.43093  val_L1=5.15927  val_L1_amb=4.03399
  lam=0.7500  epoch 004/200  train_pulse_L1=5.09230  val_L1=4.82790  val_L1_amb=3.73577
  lam=0.7500  epoch 005/200  train_pulse_L1=4.94446  val_L1=4.69673  val_L1_amb=3.62016
  lam=0.7500  epoch 006/200  train_pulse_L1=4.89876  val_L1=4.67336  val_L1_amb=3.53702
  lam=0.7500  epoch 007/200  train_pulse_L1=4.82490  val_L1=4.61437  val_L1_amb=3.45351
  lam=0.7500  epoch 008/200  train_pulse_L1=4.77851  val_L1=4.51488  val_L1_amb=3.29219
  lam=0.7500  epoch 009/200  train_pulse_L1=4.73113  val_L1=4.59458  val_L1_amb=3.23397
  lam=0.7500  epoch 010/200  train_pulse_L1=4.69523  val_L1=4.46464  val_L1_amb=3.12668
  lam=0.7500  epoch 011/200  train_pulse_L1=4.65570  val_L1=4.50175  val_L1_amb=3.11199
  lam=0.7500  epoch 012/200  train_pulse_L1=4.61380  val_L1=4.47287  val_L1_amb=2.98359
  lam=0.7500  epoch 013/200  train_pulse_L1=4.55225  val_L1=4.39608  val_L1_amb=2.90549
  lam=0.7500  epoch 014/200  train_pulse_L1=4.51057  val_L1=4.38089  val_L1_amb=2.90315
  lam=0.7500  epoch 015/200  train_pulse_L1=4.46886  val_L1=4.26617  val_L1_amb=2.83462
  lam=0.7500  epoch 016/200  train_pulse_L1=4.44162  val_L1=4.37767  val_L1_amb=2.84694
  lam=0.7500  epoch 017/200  train_pulse_L1=4.39923  val_L1=4.26420  val_L1_amb=2.74191
  lam=0.7500  epoch 018/200  train_pulse_L1=4.35791  val_L1=4.27573  val_L1_amb=2.74302
  lam=0.7500  epoch 019/200  train_pulse_L1=4.31516  val_L1=4.28163  val_L1_amb=2.66950
  lam=0.7500  epoch 020/200  train_pulse_L1=4.26091  val_L1=4.27043  val_L1_amb=2.64996
  lam=0.7500  epoch 021/200  train_pulse_L1=4.21382  val_L1=4.25822  val_L1_amb=2.61046
  lam=0.7500  epoch 022/200  train_pulse_L1=4.18275  val_L1=4.25484  val_L1_amb=2.61739
  lam=0.7500  epoch 023/200  train_pulse_L1=4.13469  val_L1=4.25121  val_L1_amb=2.57237
  lam=0.7500  epoch 024/200  train_pulse_L1=4.08889  val_L1=4.19681  val_L1_amb=2.60505
  lam=0.7500  epoch 025/200  train_pulse_L1=4.06301  val_L1=4.22908  val_L1_amb=2.57332
  lam=0.7500  epoch 026/200  train_pulse_L1=4.00078  val_L1=4.21555  val_L1_amb=2.57671
  lam=0.7500  epoch 027/200  train_pulse_L1=3.95673  val_L1=4.24343  val_L1_amb=2.58326
  lam=0.7500  epoch 028/200  train_pulse_L1=3.91591  val_L1=4.26686  val_L1_amb=2.56899
  lam=0.7500  epoch 029/200  train_pulse_L1=3.87456  val_L1=4.24498  val_L1_amb=2.54114
  lam=0.7500  epoch 030/200  train_pulse_L1=3.82852  val_L1=4.21810  val_L1_amb=2.50419
  lam=0.7500  epoch 031/200  train_pulse_L1=3.76316  val_L1=4.29309  val_L1_amb=2.57207
  lam=0.7500  epoch 032/200  train_pulse_L1=3.70212  val_L1=4.23331  val_L1_amb=2.53333
  lam=0.7500  epoch 033/200  train_pulse_L1=3.68781  val_L1=4.21470  val_L1_amb=2.51485
  lam=0.7500  epoch 034/200  train_pulse_L1=3.63813  val_L1=4.19865  val_L1_amb=2.51869
  lam=0.7500  epoch 035/200  train_pulse_L1=3.56004  val_L1=4.22055  val_L1_amb=2.51198
  lam=0.7500  epoch 036/200  train_pulse_L1=3.48801  val_L1=4.18002  val_L1_amb=2.52984
  lam=0.7500  epoch 037/200  train_pulse_L1=3.44632  val_L1=4.24323  val_L1_amb=2.53250
  lam=0.7500  epoch 038/200  train_pulse_L1=3.37551  val_L1=4.21705  val_L1_amb=2.50420
  lam=0.7500  epoch 039/200  train_pulse_L1=3.32999  val_L1=4.26382  val_L1_amb=2.56553
  lam=0.7500  epoch 040/200  train_pulse_L1=3.27443  val_L1=4.19060  val_L1_amb=2.54437
  lam=0.7500  epoch 041/200  train_pulse_L1=3.22615  val_L1=4.27254  val_L1_amb=2.61838
  lam=0.7500  epoch 042/200  train_pulse_L1=3.19954  val_L1=4.24944  val_L1_amb=2.60806
  lam=0.7500  epoch 043/200  train_pulse_L1=3.14608  val_L1=4.28104  val_L1_amb=2.55254
  lam=0.7500  epoch 044/200  train_pulse_L1=3.10829  val_L1=4.23839  val_L1_amb=2.57012
  lam=0.7500  epoch 045/200  train_pulse_L1=3.05674  val_L1=4.24037  val_L1_amb=2.56945
  lam=0.7500  epoch 046/200  train_pulse_L1=2.94684  val_L1=4.20026  val_L1_amb=2.57290
  lam=0.7500  epoch 047/200  train_pulse_L1=2.93739  val_L1=4.24454  val_L1_amb=2.55547
  lam=0.7500  epoch 048/200  train_pulse_L1=2.84312  val_L1=4.27110  val_L1_amb=2.60523
  lam=0.7500  epoch 049/200  train_pulse_L1=2.86554  val_L1=4.32704  val_L1_amb=2.65831
  lam=0.7500  epoch 050/200  train_pulse_L1=2.80203  val_L1=4.22412  val_L1_amb=2.61242
  lam=0.7500  epoch 051/200  train_pulse_L1=2.74375  val_L1=4.30461  val_L1_amb=2.66351
  lam=0.7500  epoch 052/200  train_pulse_L1=2.70301  val_L1=4.27180  val_L1_amb=2.62762
  lam=0.7500  epoch 053/200  train_pulse_L1=2.70297  val_L1=4.25164  val_L1_amb=2.61666
  lam=0.7500  epoch 054/200  train_pulse_L1=2.62789  val_L1=4.28445  val_L1_amb=2.61510
  lam=0.7500  epoch 055/200  train_pulse_L1=2.59683  val_L1=4.29833  val_L1_amb=2.62583
  early stop on val_L1_amb: patience=25, stopped=55, best_ep=30
  done lam=0.75  train=3.8285  val_raw=4.2181  val_amb=2.5042  wall=175s
[t0_re] λ*=0.75 by val_amb  train=3.8285  val_raw=4.2181  val_amb=2.5042

======== (2) phase=t0, flip=energy | mode=t0_energy ========
trace_scale=7.7537

--- t0_energy lam=0.0000 ---
  lam=0.0000  epoch 001/200  train_pulse_L1=5.96390  val_L1=5.29090  val_L1_amb=4.53074
  lam=0.0000  epoch 002/200  train_pulse_L1=5.40983  val_L1=5.27595  val_L1_amb=4.56717
  lam=0.0000  epoch 003/200  train_pulse_L1=5.33957  val_L1=5.17650  val_L1_amb=4.37477
  lam=0.0000  epoch 004/200  train_pulse_L1=5.05928  val_L1=4.74152  val_L1_amb=3.87197
  lam=0.0000  epoch 005/200  train_pulse_L1=4.78923  val_L1=4.64034  val_L1_amb=3.85654
  lam=0.0000  epoch 006/200  train_pulse_L1=4.73151  val_L1=4.59463  val_L1_amb=3.81423
  lam=0.0000  epoch 007/200  train_pulse_L1=4.68338  val_L1=4.52602  val_L1_amb=3.72337
  lam=0.0000  epoch 008/200  train_pulse_L1=4.65468  val_L1=4.50663  val_L1_amb=3.71975
  lam=0.0000  epoch 009/200  train_pulse_L1=4.60311  val_L1=4.46313  val_L1_amb=3.67037
  lam=0.0000  epoch 010/200  train_pulse_L1=4.56401  val_L1=4.45227  val_L1_amb=3.64489
  lam=0.0000  epoch 011/200  train_pulse_L1=4.53460  val_L1=4.43499  val_L1_amb=3.45281
  lam=0.0000  epoch 012/200  train_pulse_L1=4.52005  val_L1=4.38136  val_L1_amb=3.47266
  lam=0.0000  epoch 013/200  train_pulse_L1=4.47176  val_L1=4.38802  val_L1_amb=3.49461
  lam=0.0000  epoch 014/200  train_pulse_L1=4.44825  val_L1=4.35646  val_L1_amb=3.44039
  lam=0.0000  epoch 015/200  train_pulse_L1=4.40808  val_L1=4.36424  val_L1_amb=3.34756
  lam=0.0000  epoch 016/200  train_pulse_L1=4.37603  val_L1=4.35696  val_L1_amb=3.29573
  lam=0.0000  epoch 017/200  train_pulse_L1=4.34992  val_L1=4.38121  val_L1_amb=3.26810
  lam=0.0000  epoch 018/200  train_pulse_L1=4.31730  val_L1=4.36470  val_L1_amb=3.31175
  lam=0.0000  epoch 019/200  train_pulse_L1=4.27019  val_L1=4.37395  val_L1_amb=3.40972
  lam=0.0000  epoch 020/200  train_pulse_L1=4.20711  val_L1=4.37871  val_L1_amb=3.35441
  lam=0.0000  epoch 021/200  train_pulse_L1=4.15776  val_L1=4.35835  val_L1_amb=3.25112
  lam=0.0000  epoch 022/200  train_pulse_L1=4.10612  val_L1=4.38168  val_L1_amb=3.26187
  lam=0.0000  epoch 023/200  train_pulse_L1=4.04307  val_L1=4.45997  val_L1_amb=3.30885
  lam=0.0000  epoch 024/200  train_pulse_L1=3.98238  val_L1=4.43923  val_L1_amb=3.31156
  lam=0.0000  epoch 025/200  train_pulse_L1=3.90204  val_L1=4.44007  val_L1_amb=3.17683
  lam=0.0000  epoch 026/200  train_pulse_L1=3.81134  val_L1=4.45914  val_L1_amb=3.22827
  lam=0.0000  epoch 027/200  train_pulse_L1=3.68298  val_L1=4.46976  val_L1_amb=3.24914
  lam=0.0000  epoch 028/200  train_pulse_L1=3.55209  val_L1=4.45646  val_L1_amb=3.16099
  lam=0.0000  epoch 029/200  train_pulse_L1=3.50041  val_L1=4.60702  val_L1_amb=3.17373
  lam=0.0000  epoch 030/200  train_pulse_L1=3.40867  val_L1=4.55075  val_L1_amb=3.17545
  lam=0.0000  epoch 031/200  train_pulse_L1=3.27846  val_L1=4.63827  val_L1_amb=3.19483
  lam=0.0000  epoch 032/200  train_pulse_L1=3.19747  val_L1=4.62952  val_L1_amb=3.28286
  lam=0.0000  epoch 033/200  train_pulse_L1=3.10056  val_L1=4.78587  val_L1_amb=3.25209
  lam=0.0000  epoch 034/200  train_pulse_L1=3.10343  val_L1=4.63630  val_L1_amb=3.22475
  lam=0.0000  epoch 035/200  train_pulse_L1=2.94385  val_L1=4.69848  val_L1_amb=3.23233
  lam=0.0000  epoch 036/200  train_pulse_L1=2.82810  val_L1=4.74844  val_L1_amb=3.24472
  lam=0.0000  epoch 037/200  train_pulse_L1=2.71776  val_L1=4.71264  val_L1_amb=3.19637
  lam=0.0000  epoch 038/200  train_pulse_L1=2.59436  val_L1=4.73671  val_L1_amb=3.20181
  lam=0.0000  epoch 039/200  train_pulse_L1=2.58841  val_L1=4.71181  val_L1_amb=3.20281
  lam=0.0000  epoch 040/200  train_pulse_L1=2.38795  val_L1=4.75307  val_L1_amb=3.18665
  lam=0.0000  epoch 041/200  train_pulse_L1=2.40666  val_L1=4.76972  val_L1_amb=3.19862
  lam=0.0000  epoch 042/200  train_pulse_L1=2.29224  val_L1=4.81194  val_L1_amb=3.23876
  lam=0.0000  epoch 043/200  train_pulse_L1=2.17021  val_L1=4.82690  val_L1_amb=3.19628
  lam=0.0000  epoch 044/200  train_pulse_L1=2.17332  val_L1=4.72300  val_L1_amb=3.26651
  lam=0.0000  epoch 045/200  train_pulse_L1=2.14881  val_L1=4.70621  val_L1_amb=3.24282
  lam=0.0000  epoch 046/200  train_pulse_L1=1.96660  val_L1=4.80084  val_L1_amb=3.18007
  lam=0.0000  epoch 047/200  train_pulse_L1=1.99359  val_L1=4.80315  val_L1_amb=3.26264
  lam=0.0000  epoch 048/200  train_pulse_L1=1.88298  val_L1=4.81164  val_L1_amb=3.23930
  lam=0.0000  epoch 049/200  train_pulse_L1=1.83455  val_L1=4.82135  val_L1_amb=3.24279
  lam=0.0000  epoch 050/200  train_pulse_L1=1.83033  val_L1=4.88086  val_L1_amb=3.23615
  lam=0.0000  epoch 051/200  train_pulse_L1=1.71330  val_L1=4.79157  val_L1_amb=3.27524
  lam=0.0000  epoch 052/200  train_pulse_L1=1.77240  val_L1=4.78865  val_L1_amb=3.23598
  lam=0.0000  epoch 053/200  train_pulse_L1=1.68434  val_L1=4.85441  val_L1_amb=3.23694
  early stop on val_L1_amb: patience=25, stopped=53, best_ep=28
  done lam=0.00  train=3.5521  val_raw=4.4565  val_amb=3.1610  wall=135s

--- t0_energy lam=0.7500 ---
  lam=0.7500  epoch 001/200  train_pulse_L1=6.26505  val_L1=5.64154  val_L1_amb=4.44562
  lam=0.7500  epoch 002/200  train_pulse_L1=5.83043  val_L1=5.68545  val_L1_amb=4.25580
  lam=0.7500  epoch 003/200  train_pulse_L1=5.57984  val_L1=5.13078  val_L1_amb=3.91201
  lam=0.7500  epoch 004/200  train_pulse_L1=5.22550  val_L1=4.99260  val_L1_amb=3.71543
  lam=0.7500  epoch 005/200  train_pulse_L1=5.10277  val_L1=4.85453  val_L1_amb=3.58903
  lam=0.7500  epoch 006/200  train_pulse_L1=5.04302  val_L1=4.94281  val_L1_amb=3.53882
  lam=0.7500  epoch 007/200  train_pulse_L1=4.98343  val_L1=4.77121  val_L1_amb=3.34904
  lam=0.7500  epoch 008/200  train_pulse_L1=4.95196  val_L1=4.74422  val_L1_amb=3.28479
  lam=0.7500  epoch 009/200  train_pulse_L1=4.91430  val_L1=4.81374  val_L1_amb=3.21941
  lam=0.7500  epoch 010/200  train_pulse_L1=4.89867  val_L1=4.77969  val_L1_amb=3.20034
  lam=0.7500  epoch 011/200  train_pulse_L1=4.87819  val_L1=4.71623  val_L1_amb=3.12183
  lam=0.7500  epoch 012/200  train_pulse_L1=4.84362  val_L1=4.74647  val_L1_amb=3.10030
  lam=0.7500  epoch 013/200  train_pulse_L1=4.83684  val_L1=4.69396  val_L1_amb=3.05248
  lam=0.7500  epoch 014/200  train_pulse_L1=4.79644  val_L1=4.71883  val_L1_amb=3.04447
  lam=0.7500  epoch 015/200  train_pulse_L1=4.78026  val_L1=4.64631  val_L1_amb=2.98532
  lam=0.7500  epoch 016/200  train_pulse_L1=4.74227  val_L1=4.70135  val_L1_amb=3.02128
  lam=0.7500  epoch 017/200  train_pulse_L1=4.72585  val_L1=4.64651  val_L1_amb=2.96322
  lam=0.7500  epoch 018/200  train_pulse_L1=4.69115  val_L1=4.64609  val_L1_amb=2.95628
  lam=0.7500  epoch 019/200  train_pulse_L1=4.66305  val_L1=4.65153  val_L1_amb=2.92956
  lam=0.7500  epoch 020/200  train_pulse_L1=4.62539  val_L1=4.63470  val_L1_amb=2.88556
  lam=0.7500  epoch 021/200  train_pulse_L1=4.61427  val_L1=4.66519  val_L1_amb=2.91209
  lam=0.7500  epoch 022/200  train_pulse_L1=4.57218  val_L1=4.61528  val_L1_amb=2.89453
  lam=0.7500  epoch 023/200  train_pulse_L1=4.52819  val_L1=4.67023  val_L1_amb=2.85802
  lam=0.7500  epoch 024/200  train_pulse_L1=4.47875  val_L1=4.68536  val_L1_amb=2.89012
  lam=0.7500  epoch 025/200  train_pulse_L1=4.44246  val_L1=4.66733  val_L1_amb=2.84611
  lam=0.7500  epoch 026/200  train_pulse_L1=4.38020  val_L1=4.62030  val_L1_amb=2.82649
  lam=0.7500  epoch 027/200  train_pulse_L1=4.32312  val_L1=4.68146  val_L1_amb=2.84938
  lam=0.7500  epoch 028/200  train_pulse_L1=4.29594  val_L1=4.60834  val_L1_amb=2.80958
  lam=0.7500  epoch 029/200  train_pulse_L1=4.22214  val_L1=4.66835  val_L1_amb=2.85241
  lam=0.7500  epoch 030/200  train_pulse_L1=4.20094  val_L1=4.66751  val_L1_amb=2.84770
  lam=0.7500  epoch 031/200  train_pulse_L1=4.15141  val_L1=4.63753  val_L1_amb=2.83591
  lam=0.7500  epoch 032/200  train_pulse_L1=4.08035  val_L1=4.67971  val_L1_amb=2.84591
  lam=0.7500  epoch 033/200  train_pulse_L1=4.01884  val_L1=4.68763  val_L1_amb=2.84706
  lam=0.7500  epoch 034/200  train_pulse_L1=4.00798  val_L1=4.64544  val_L1_amb=2.86340
  lam=0.7500  epoch 035/200  train_pulse_L1=3.91988  val_L1=4.66471  val_L1_amb=2.84296
  lam=0.7500  epoch 036/200  train_pulse_L1=3.83668  val_L1=4.65334  val_L1_amb=2.85800
  lam=0.7500  epoch 037/200  train_pulse_L1=3.77685  val_L1=4.72048  val_L1_amb=2.88619
  lam=0.7500  epoch 038/200  train_pulse_L1=3.73532  val_L1=4.67312  val_L1_amb=2.82763
  lam=0.7500  epoch 039/200  train_pulse_L1=3.70585  val_L1=4.67782  val_L1_amb=2.82079
  lam=0.7500  epoch 040/200  train_pulse_L1=3.66372  val_L1=4.69711  val_L1_amb=2.87223
  lam=0.7500  epoch 041/200  train_pulse_L1=3.61161  val_L1=4.74546  val_L1_amb=2.89079
  lam=0.7500  epoch 042/200  train_pulse_L1=3.54906  val_L1=4.66665  val_L1_amb=2.80498
  lam=0.7500  epoch 043/200  train_pulse_L1=3.46645  val_L1=4.71222  val_L1_amb=2.87769
  lam=0.7500  epoch 044/200  train_pulse_L1=3.40056  val_L1=4.70858  val_L1_amb=2.83880
  lam=0.7500  epoch 045/200  train_pulse_L1=3.36267  val_L1=4.70085  val_L1_amb=2.84562
  lam=0.7500  epoch 046/200  train_pulse_L1=3.29249  val_L1=4.67269  val_L1_amb=2.84662
  lam=0.7500  epoch 047/200  train_pulse_L1=3.25829  val_L1=4.72537  val_L1_amb=2.90763
  lam=0.7500  epoch 048/200  train_pulse_L1=3.21128  val_L1=4.75157  val_L1_amb=2.87805
  lam=0.7500  epoch 049/200  train_pulse_L1=3.15389  val_L1=4.72994  val_L1_amb=2.87451
  lam=0.7500  epoch 050/200  train_pulse_L1=3.11288  val_L1=4.71154  val_L1_amb=2.88437
  lam=0.7500  epoch 051/200  train_pulse_L1=3.01119  val_L1=4.73495  val_L1_amb=2.87810
  lam=0.7500  epoch 052/200  train_pulse_L1=2.97485  val_L1=4.76598  val_L1_amb=2.90842
  lam=0.7500  epoch 053/200  train_pulse_L1=2.87405  val_L1=4.78445  val_L1_amb=2.92511
  lam=0.7500  epoch 054/200  train_pulse_L1=2.88342  val_L1=4.75934  val_L1_amb=2.92893
  lam=0.7500  epoch 055/200  train_pulse_L1=2.84477  val_L1=4.75467  val_L1_amb=2.91530
  lam=0.7500  epoch 056/200  train_pulse_L1=2.78892  val_L1=4.72337  val_L1_amb=2.91559
  lam=0.7500  epoch 057/200  train_pulse_L1=2.73986  val_L1=4.75109  val_L1_amb=2.93024
  lam=0.7500  epoch 058/200  train_pulse_L1=2.74137  val_L1=4.77782  val_L1_amb=2.96003
  lam=0.7500  epoch 059/200  train_pulse_L1=2.68312  val_L1=4.83262  val_L1_amb=2.94286
  lam=0.7500  epoch 060/200  train_pulse_L1=2.63785  val_L1=4.74362  val_L1_amb=2.93836
  lam=0.7500  epoch 061/200  train_pulse_L1=2.61654  val_L1=4.77576  val_L1_amb=2.93444
  lam=0.7500  epoch 062/200  train_pulse_L1=2.49661  val_L1=4.74196  val_L1_amb=2.95761
  lam=0.7500  epoch 063/200  train_pulse_L1=2.48555  val_L1=4.84238  val_L1_amb=2.97790
  lam=0.7500  epoch 064/200  train_pulse_L1=2.51915  val_L1=4.74424  val_L1_amb=2.97278
  lam=0.7500  epoch 065/200  train_pulse_L1=2.36114  val_L1=4.75327  val_L1_amb=2.99432
  lam=0.7500  epoch 066/200  train_pulse_L1=2.37267  val_L1=4.78929  val_L1_amb=3.05009
  lam=0.7500  epoch 067/200  train_pulse_L1=2.30149  val_L1=4.80593  val_L1_amb=3.00614
  early stop on val_L1_amb: patience=25, stopped=67, best_ep=42
  done lam=0.75  train=3.5491  val_raw=4.6666  val_amb=2.8050  wall=209s
[t0_energy] λ*=0.75 by val_amb  train=3.5491  val_raw=4.6666  val_amb=2.8050

======== (3) phase=t*, flip=Re | mode=tstar_re ========
trace_scale=7.8057

--- tstar_re lam=0.0000 ---
  lam=0.0000  epoch 001/200  train_pulse_L1=5.92306  val_L1=5.33764  val_L1_amb=4.78362
  lam=0.0000  epoch 002/200  train_pulse_L1=5.38711  val_L1=5.28101  val_L1_amb=4.71792
  lam=0.0000  epoch 003/200  train_pulse_L1=5.35086  val_L1=5.24143  val_L1_amb=4.68315
  lam=0.0000  epoch 004/200  train_pulse_L1=5.30601  val_L1=5.20967  val_L1_amb=4.58707
  lam=0.0000  epoch 005/200  train_pulse_L1=5.24135  val_L1=5.16281  val_L1_amb=4.52804
  lam=0.0000  epoch 006/200  train_pulse_L1=5.22646  val_L1=5.13408  val_L1_amb=4.44749
  lam=0.0000  epoch 007/200  train_pulse_L1=5.20729  val_L1=5.10832  val_L1_amb=4.49213
  lam=0.0000  epoch 008/200  train_pulse_L1=5.17857  val_L1=5.06203  val_L1_amb=4.27208
  lam=0.0000  epoch 009/200  train_pulse_L1=5.12123  val_L1=5.03429  val_L1_amb=4.26542
  lam=0.0000  epoch 010/200  train_pulse_L1=5.06513  val_L1=4.98014  val_L1_amb=4.14835
  lam=0.0000  epoch 011/200  train_pulse_L1=5.01329  val_L1=4.92966  val_L1_amb=3.98401
  lam=0.0000  epoch 012/200  train_pulse_L1=4.97652  val_L1=4.91403  val_L1_amb=4.01110
  lam=0.0000  epoch 013/200  train_pulse_L1=4.92552  val_L1=4.88021  val_L1_amb=3.91200
  lam=0.0000  epoch 014/200  train_pulse_L1=4.90512  val_L1=4.89476  val_L1_amb=3.97836
  lam=0.0000  epoch 015/200  train_pulse_L1=4.82631  val_L1=4.81852  val_L1_amb=3.80688
  lam=0.0000  epoch 016/200  train_pulse_L1=4.78359  val_L1=4.80300  val_L1_amb=3.67774
  lam=0.0000  epoch 017/200  train_pulse_L1=4.72896  val_L1=4.79415  val_L1_amb=3.69997
  lam=0.0000  epoch 018/200  train_pulse_L1=4.67974  val_L1=4.73221  val_L1_amb=3.69651
  lam=0.0000  epoch 019/200  train_pulse_L1=4.60900  val_L1=4.70977  val_L1_amb=3.68596
  lam=0.0000  epoch 020/200  train_pulse_L1=4.55905  val_L1=4.66241  val_L1_amb=3.61794
  lam=0.0000  epoch 021/200  train_pulse_L1=4.53776  val_L1=4.66715  val_L1_amb=3.59066
  lam=0.0000  epoch 022/200  train_pulse_L1=4.45726  val_L1=4.74031  val_L1_amb=3.38367
  lam=0.0000  epoch 023/200  train_pulse_L1=4.37798  val_L1=4.67694  val_L1_amb=3.50716
  lam=0.0000  epoch 024/200  train_pulse_L1=4.30795  val_L1=4.64828  val_L1_amb=3.42351
  lam=0.0000  epoch 025/200  train_pulse_L1=4.23108  val_L1=4.75474  val_L1_amb=3.43080
  lam=0.0000  epoch 026/200  train_pulse_L1=4.16632  val_L1=4.73032  val_L1_amb=3.36244
  lam=0.0000  epoch 027/200  train_pulse_L1=4.04355  val_L1=4.72750  val_L1_amb=3.47266
  lam=0.0000  epoch 028/200  train_pulse_L1=3.90733  val_L1=4.79718  val_L1_amb=3.30296
  lam=0.0000  epoch 029/200  train_pulse_L1=3.85899  val_L1=4.77847  val_L1_amb=3.23519
  lam=0.0000  epoch 030/200  train_pulse_L1=3.75962  val_L1=4.73983  val_L1_amb=3.30675
  lam=0.0000  epoch 031/200  train_pulse_L1=3.61145  val_L1=4.80155  val_L1_amb=3.29761
  lam=0.0000  epoch 032/200  train_pulse_L1=3.54052  val_L1=4.84731  val_L1_amb=3.25525
  lam=0.0000  epoch 033/200  train_pulse_L1=3.42057  val_L1=4.78239  val_L1_amb=3.29599
  lam=0.0000  epoch 034/200  train_pulse_L1=3.36782  val_L1=4.83857  val_L1_amb=3.28620
  lam=0.0000  epoch 035/200  train_pulse_L1=3.26650  val_L1=4.85409  val_L1_amb=3.27370
  lam=0.0000  epoch 036/200  train_pulse_L1=3.09877  val_L1=4.82516  val_L1_amb=3.26927
  lam=0.0000  epoch 037/200  train_pulse_L1=2.96025  val_L1=4.89330  val_L1_amb=3.23072
  lam=0.0000  epoch 038/200  train_pulse_L1=2.86026  val_L1=4.80167  val_L1_amb=3.23154
  lam=0.0000  epoch 039/200  train_pulse_L1=2.83639  val_L1=4.89277  val_L1_amb=3.29801
  lam=0.0000  epoch 040/200  train_pulse_L1=2.63183  val_L1=4.88759  val_L1_amb=3.22231
  lam=0.0000  epoch 041/200  train_pulse_L1=2.64664  val_L1=4.87434  val_L1_amb=3.25971
  lam=0.0000  epoch 042/200  train_pulse_L1=2.52401  val_L1=4.93519  val_L1_amb=3.28944
  lam=0.0000  epoch 043/200  train_pulse_L1=2.41437  val_L1=4.95811  val_L1_amb=3.23071
  lam=0.0000  epoch 044/200  train_pulse_L1=2.35568  val_L1=4.93196  val_L1_amb=3.28853
  lam=0.0000  epoch 045/200  train_pulse_L1=2.32468  val_L1=4.93980  val_L1_amb=3.30713
  lam=0.0000  epoch 046/200  train_pulse_L1=2.14689  val_L1=4.95212  val_L1_amb=3.20448
  lam=0.0000  epoch 047/200  train_pulse_L1=2.15217  val_L1=4.96081  val_L1_amb=3.28072
  lam=0.0000  epoch 048/200  train_pulse_L1=2.00639  val_L1=4.93067  val_L1_amb=3.30979
  lam=0.0000  epoch 049/200  train_pulse_L1=1.96408  val_L1=5.04233  val_L1_amb=3.32262
  lam=0.0000  epoch 050/200  train_pulse_L1=1.95812  val_L1=5.06445  val_L1_amb=3.35639
  lam=0.0000  epoch 051/200  train_pulse_L1=1.83803  val_L1=4.92585  val_L1_amb=3.33616
  lam=0.0000  epoch 052/200  train_pulse_L1=1.88193  val_L1=4.99759  val_L1_amb=3.25551
  lam=0.0000  epoch 053/200  train_pulse_L1=1.81962  val_L1=4.96573  val_L1_amb=3.29540
  lam=0.0000  epoch 054/200  train_pulse_L1=1.81361  val_L1=5.03837  val_L1_amb=3.41510
  lam=0.0000  epoch 055/200  train_pulse_L1=1.81106  val_L1=4.94492  val_L1_amb=3.32599
  lam=0.0000  epoch 056/200  train_pulse_L1=1.67138  val_L1=4.98629  val_L1_amb=3.30305
  lam=0.0000  epoch 057/200  train_pulse_L1=1.63364  val_L1=5.00948  val_L1_amb=3.29198
  lam=0.0000  epoch 058/200  train_pulse_L1=1.54341  val_L1=5.01384  val_L1_amb=3.24726
  lam=0.0000  epoch 059/200  train_pulse_L1=1.57330  val_L1=4.98391  val_L1_amb=3.35393
  lam=0.0000  epoch 060/200  train_pulse_L1=1.49375  val_L1=4.96524  val_L1_amb=3.25024
  lam=0.0000  epoch 061/200  train_pulse_L1=1.64904  val_L1=4.95336  val_L1_amb=3.29624
  lam=0.0000  epoch 062/200  train_pulse_L1=1.54473  val_L1=4.95697  val_L1_amb=3.29757
  lam=0.0000  epoch 063/200  train_pulse_L1=1.47892  val_L1=5.02548  val_L1_amb=3.33496
  lam=0.0000  epoch 064/200  train_pulse_L1=1.45617  val_L1=4.87930  val_L1_amb=3.32242
  lam=0.0000  epoch 065/200  train_pulse_L1=1.41843  val_L1=4.93241  val_L1_amb=3.30497
  lam=0.0000  epoch 066/200  train_pulse_L1=1.29324  val_L1=5.00277  val_L1_amb=3.26387
  lam=0.0000  epoch 067/200  train_pulse_L1=1.34690  val_L1=4.93304  val_L1_amb=3.34230
  lam=0.0000  epoch 068/200  train_pulse_L1=1.32007  val_L1=4.89860  val_L1_amb=3.28197
  lam=0.0000  epoch 069/200  train_pulse_L1=1.26926  val_L1=4.96041  val_L1_amb=3.26782
  lam=0.0000  epoch 070/200  train_pulse_L1=1.30841  val_L1=4.96703  val_L1_amb=3.34709
  lam=0.0000  epoch 071/200  train_pulse_L1=1.26692  val_L1=4.93143  val_L1_amb=3.27508
  early stop on val_L1_amb: patience=25, stopped=71, best_ep=46
  done lam=0.00  train=2.1469  val_raw=4.9521  val_amb=3.2045  wall=178s

--- tstar_re lam=0.7500 ---
  lam=0.7500  epoch 001/200  train_pulse_L1=6.19650  val_L1=5.75751  val_L1_amb=4.72725
  lam=0.7500  epoch 002/200  train_pulse_L1=5.81069  val_L1=5.65889  val_L1_amb=4.56352
  lam=0.7500  epoch 003/200  train_pulse_L1=5.80464  val_L1=5.66043  val_L1_amb=4.56191
  lam=0.7500  epoch 004/200  train_pulse_L1=5.76142  val_L1=5.59270  val_L1_amb=4.14841
  lam=0.7500  epoch 005/200  train_pulse_L1=5.71028  val_L1=5.57841  val_L1_amb=3.99304
  lam=0.7500  epoch 006/200  train_pulse_L1=5.64499  val_L1=5.48543  val_L1_amb=3.98507
  lam=0.7500  epoch 007/200  train_pulse_L1=5.59164  val_L1=5.46712  val_L1_amb=3.83676
  lam=0.7500  epoch 008/200  train_pulse_L1=5.54334  val_L1=5.42334  val_L1_amb=3.76048
  lam=0.7500  epoch 009/200  train_pulse_L1=5.49221  val_L1=5.31608  val_L1_amb=3.52534
  lam=0.7500  epoch 010/200  train_pulse_L1=5.44972  val_L1=5.29904  val_L1_amb=3.46424
  lam=0.7500  epoch 011/200  train_pulse_L1=5.39646  val_L1=5.30582  val_L1_amb=3.35818
  lam=0.7500  epoch 012/200  train_pulse_L1=5.34363  val_L1=5.21569  val_L1_amb=3.23281
  lam=0.7500  epoch 013/200  train_pulse_L1=5.30036  val_L1=5.07396  val_L1_amb=3.19065
  lam=0.7500  epoch 014/200  train_pulse_L1=5.23922  val_L1=5.11388  val_L1_amb=3.11686
  lam=0.7500  epoch 015/200  train_pulse_L1=5.18768  val_L1=5.08657  val_L1_amb=3.02774
  lam=0.7500  epoch 016/200  train_pulse_L1=5.16234  val_L1=5.09892  val_L1_amb=2.99523
  lam=0.7500  epoch 017/200  train_pulse_L1=5.11898  val_L1=5.04644  val_L1_amb=2.96684
  lam=0.7500  epoch 018/200  train_pulse_L1=5.08157  val_L1=5.04521  val_L1_amb=2.90854
  lam=0.7500  epoch 019/200  train_pulse_L1=5.03101  val_L1=5.01974  val_L1_amb=2.87808
  lam=0.7500  epoch 020/200  train_pulse_L1=5.00213  val_L1=4.89205  val_L1_amb=2.84947
  lam=0.7500  epoch 021/200  train_pulse_L1=4.94877  val_L1=4.85131  val_L1_amb=2.76799
  lam=0.7500  epoch 022/200  train_pulse_L1=4.91997  val_L1=4.91357  val_L1_amb=2.77632
  lam=0.7500  epoch 023/200  train_pulse_L1=4.86085  val_L1=4.91502  val_L1_amb=2.75087
  lam=0.7500  epoch 024/200  train_pulse_L1=4.80473  val_L1=4.93524  val_L1_amb=2.74917
  lam=0.7500  epoch 025/200  train_pulse_L1=4.74045  val_L1=4.88711  val_L1_amb=2.75362
  lam=0.7500  epoch 026/200  train_pulse_L1=4.68576  val_L1=4.87470  val_L1_amb=2.69340
  lam=0.7500  epoch 027/200  train_pulse_L1=4.63909  val_L1=4.88689  val_L1_amb=2.70503
  lam=0.7500  epoch 028/200  train_pulse_L1=4.58511  val_L1=4.84623  val_L1_amb=2.67709
  lam=0.7500  epoch 029/200  train_pulse_L1=4.52182  val_L1=4.90142  val_L1_amb=2.69881
  lam=0.7500  epoch 030/200  train_pulse_L1=4.45761  val_L1=4.85766  val_L1_amb=2.71721
  lam=0.7500  epoch 031/200  train_pulse_L1=4.39686  val_L1=4.87106  val_L1_amb=2.70247
  lam=0.7500  epoch 032/200  train_pulse_L1=4.33852  val_L1=4.92183  val_L1_amb=2.74551
  lam=0.7500  epoch 033/200  train_pulse_L1=4.24255  val_L1=4.81839  val_L1_amb=2.73253
  lam=0.7500  epoch 034/200  train_pulse_L1=4.15924  val_L1=4.88151  val_L1_amb=2.68001
  lam=0.7500  epoch 035/200  train_pulse_L1=4.06514  val_L1=4.84912  val_L1_amb=2.72879
  lam=0.7500  epoch 036/200  train_pulse_L1=4.03261  val_L1=4.83452  val_L1_amb=2.76264
  lam=0.7500  epoch 037/200  train_pulse_L1=3.93650  val_L1=4.85231  val_L1_amb=2.73528
  lam=0.7500  epoch 038/200  train_pulse_L1=3.86475  val_L1=4.91547  val_L1_amb=2.77067
  lam=0.7500  epoch 039/200  train_pulse_L1=3.78633  val_L1=4.81089  val_L1_amb=2.72930
  lam=0.7500  epoch 040/200  train_pulse_L1=3.75636  val_L1=4.90441  val_L1_amb=2.80461
  lam=0.7500  epoch 041/200  train_pulse_L1=3.67242  val_L1=4.80092  val_L1_amb=2.71317
  lam=0.7500  epoch 042/200  train_pulse_L1=3.59842  val_L1=4.94185  val_L1_amb=2.81196
  lam=0.7500  epoch 043/200  train_pulse_L1=3.57113  val_L1=4.86184  val_L1_amb=2.77248
  lam=0.7500  epoch 044/200  train_pulse_L1=3.46554  val_L1=4.88584  val_L1_amb=2.82186
  lam=0.7500  epoch 045/200  train_pulse_L1=3.43839  val_L1=4.90241  val_L1_amb=2.88152
  lam=0.7500  epoch 046/200  train_pulse_L1=3.37108  val_L1=4.85479  val_L1_amb=2.76546
  lam=0.7500  epoch 047/200  train_pulse_L1=3.22986  val_L1=4.86235  val_L1_amb=2.82728
  lam=0.7500  epoch 048/200  train_pulse_L1=3.18715  val_L1=4.90080  val_L1_amb=2.83796
  lam=0.7500  epoch 049/200  train_pulse_L1=3.11705  val_L1=4.88967  val_L1_amb=2.92244
  lam=0.7500  epoch 050/200  train_pulse_L1=3.10952  val_L1=4.85887  val_L1_amb=2.82989
  lam=0.7500  epoch 051/200  train_pulse_L1=3.04008  val_L1=4.85346  val_L1_amb=2.86814
  lam=0.7500  epoch 052/200  train_pulse_L1=2.98201  val_L1=4.84406  val_L1_amb=2.83285
  lam=0.7500  epoch 053/200  train_pulse_L1=2.97346  val_L1=4.93750  val_L1_amb=2.89519
  early stop on val_L1_amb: patience=25, stopped=53, best_ep=28
  done lam=0.75  train=4.5851  val_raw=4.8462  val_amb=2.6771  wall=162s
[tstar_re] λ*=0.75 by val_amb  train=4.5851  val_raw=4.8462  val_amb=2.6771

======== (4) phase=t*, flip=energy | mode=tstar_energy ========
trace_scale=7.8033

--- tstar_energy lam=0.0000 ---
  lam=0.0000  epoch 001/200  train_pulse_L1=5.90411  val_L1=5.35597  val_L1_amb=4.58285
  lam=0.0000  epoch 002/200  train_pulse_L1=5.39817  val_L1=5.32817  val_L1_amb=4.50355
  lam=0.0000  epoch 003/200  train_pulse_L1=5.36674  val_L1=5.30564  val_L1_amb=4.51188
  lam=0.0000  epoch 004/200  train_pulse_L1=5.32635  val_L1=5.29239  val_L1_amb=4.42380
  lam=0.0000  epoch 005/200  train_pulse_L1=5.23920  val_L1=5.11970  val_L1_amb=4.21784
  lam=0.0000  epoch 006/200  train_pulse_L1=5.09919  val_L1=5.05134  val_L1_amb=4.07657
  lam=0.0000  epoch 007/200  train_pulse_L1=5.05652  val_L1=4.98978  val_L1_amb=4.00074
  lam=0.0000  epoch 008/200  train_pulse_L1=4.99985  val_L1=5.00166  val_L1_amb=4.15669
  lam=0.0000  epoch 009/200  train_pulse_L1=4.97350  val_L1=4.95888  val_L1_amb=3.92178
  lam=0.0000  epoch 010/200  train_pulse_L1=4.91948  val_L1=4.87579  val_L1_amb=3.84187
  lam=0.0000  epoch 011/200  train_pulse_L1=4.87278  val_L1=4.89091  val_L1_amb=3.59944
  lam=0.0000  epoch 012/200  train_pulse_L1=4.83424  val_L1=4.85065  val_L1_amb=3.64331
  lam=0.0000  epoch 013/200  train_pulse_L1=4.79149  val_L1=4.80266  val_L1_amb=3.54803
  lam=0.0000  epoch 014/200  train_pulse_L1=4.74128  val_L1=4.77331  val_L1_amb=3.64524
  lam=0.0000  epoch 015/200  train_pulse_L1=4.68514  val_L1=4.72145  val_L1_amb=3.56429
  lam=0.0000  epoch 016/200  train_pulse_L1=4.66221  val_L1=4.76448  val_L1_amb=3.58583
  lam=0.0000  epoch 017/200  train_pulse_L1=4.61692  val_L1=4.71038  val_L1_amb=3.47446
  lam=0.0000  epoch 018/200  train_pulse_L1=4.55283  val_L1=4.71553  val_L1_amb=3.46900
  lam=0.0000  epoch 019/200  train_pulse_L1=4.50057  val_L1=4.72096  val_L1_amb=3.48716
  lam=0.0000  epoch 020/200  train_pulse_L1=4.45797  val_L1=4.70311  val_L1_amb=3.42893
  lam=0.0000  epoch 021/200  train_pulse_L1=4.40530  val_L1=4.66585  val_L1_amb=3.47539
  lam=0.0000  epoch 022/200  train_pulse_L1=4.35602  val_L1=4.70077  val_L1_amb=3.35748
  lam=0.0000  epoch 023/200  train_pulse_L1=4.26807  val_L1=4.73846  val_L1_amb=3.42242
  lam=0.0000  epoch 024/200  train_pulse_L1=4.19510  val_L1=4.73190  val_L1_amb=3.37558
  lam=0.0000  epoch 025/200  train_pulse_L1=4.09038  val_L1=4.75626  val_L1_amb=3.37327
  lam=0.0000  epoch 026/200  train_pulse_L1=4.01674  val_L1=4.79097  val_L1_amb=3.34967
  lam=0.0000  epoch 027/200  train_pulse_L1=3.89614  val_L1=4.73864  val_L1_amb=3.35977
  lam=0.0000  epoch 028/200  train_pulse_L1=3.76238  val_L1=4.85850  val_L1_amb=3.32908
  lam=0.0000  epoch 029/200  train_pulse_L1=3.69021  val_L1=4.85394  val_L1_amb=3.33102
  lam=0.0000  epoch 030/200  train_pulse_L1=3.58143  val_L1=4.88139  val_L1_amb=3.24985
  lam=0.0000  epoch 031/200  train_pulse_L1=3.43598  val_L1=4.93157  val_L1_amb=3.32868
  lam=0.0000  epoch 032/200  train_pulse_L1=3.36840  val_L1=4.97885  val_L1_amb=3.35589
  lam=0.0000  epoch 033/200  train_pulse_L1=3.27666  val_L1=4.87819  val_L1_amb=3.37359
  lam=0.0000  epoch 034/200  train_pulse_L1=3.24217  val_L1=5.06035  val_L1_amb=3.38384
  lam=0.0000  epoch 035/200  train_pulse_L1=3.05774  val_L1=4.97869  val_L1_amb=3.32400
  lam=0.0000  epoch 036/200  train_pulse_L1=2.94748  val_L1=5.04364  val_L1_amb=3.28913
  lam=0.0000  epoch 037/200  train_pulse_L1=2.82016  val_L1=5.01406  val_L1_amb=3.30523
  lam=0.0000  epoch 038/200  train_pulse_L1=2.70847  val_L1=5.06623  val_L1_amb=3.29927
  lam=0.0000  epoch 039/200  train_pulse_L1=2.71494  val_L1=5.03872  val_L1_amb=3.33508
  lam=0.0000  epoch 040/200  train_pulse_L1=2.46858  val_L1=5.12869  val_L1_amb=3.41111
  lam=0.0000  epoch 041/200  train_pulse_L1=2.51391  val_L1=5.10144  val_L1_amb=3.34033
  lam=0.0000  epoch 042/200  train_pulse_L1=2.40089  val_L1=5.11273  val_L1_amb=3.31463
  lam=0.0000  epoch 043/200  train_pulse_L1=2.29359  val_L1=5.14603  val_L1_amb=3.40791
  lam=0.0000  epoch 044/200  train_pulse_L1=2.28118  val_L1=5.19246  val_L1_amb=3.40618
  lam=0.0000  epoch 045/200  train_pulse_L1=2.26807  val_L1=5.10890  val_L1_amb=3.33704
  lam=0.0000  epoch 046/200  train_pulse_L1=2.05773  val_L1=5.19212  val_L1_amb=3.28704
  lam=0.0000  epoch 047/200  train_pulse_L1=2.08584  val_L1=5.03033  val_L1_amb=3.33833
  lam=0.0000  epoch 048/200  train_pulse_L1=1.94994  val_L1=5.13242  val_L1_amb=3.30121
  lam=0.0000  epoch 049/200  train_pulse_L1=1.92321  val_L1=5.26482  val_L1_amb=3.37592
  lam=0.0000  epoch 050/200  train_pulse_L1=1.93823  val_L1=5.21501  val_L1_amb=3.34181
  lam=0.0000  epoch 051/200  train_pulse_L1=1.82154  val_L1=5.18635  val_L1_amb=3.35564
  lam=0.0000  epoch 052/200  train_pulse_L1=1.85920  val_L1=5.18624  val_L1_amb=3.31613
  lam=0.0000  epoch 053/200  train_pulse_L1=1.75098  val_L1=5.18195  val_L1_amb=3.27741
  lam=0.0000  epoch 054/200  train_pulse_L1=1.76652  val_L1=5.21453  val_L1_amb=3.29253
  lam=0.0000  epoch 055/200  train_pulse_L1=1.75748  val_L1=5.17258  val_L1_amb=3.30793
  early stop on val_L1_amb: patience=25, stopped=55, best_ep=30
  done lam=0.00  train=3.5814  val_raw=4.8814  val_amb=3.2499  wall=138s

--- tstar_energy lam=0.7500 ---
  lam=0.7500  epoch 001/200  train_pulse_L1=6.13703  val_L1=5.81637  val_L1_amb=4.39364
  lam=0.7500  epoch 002/200  train_pulse_L1=5.70436  val_L1=5.68613  val_L1_amb=4.18972
  lam=0.7500  epoch 003/200  train_pulse_L1=5.57414  val_L1=5.43956  val_L1_amb=3.90318
  lam=0.7500  epoch 004/200  train_pulse_L1=5.49106  val_L1=5.48416  val_L1_amb=3.85320
  lam=0.7500  epoch 005/200  train_pulse_L1=5.45654  val_L1=5.40646  val_L1_amb=3.66234
  lam=0.7500  epoch 006/200  train_pulse_L1=5.40280  val_L1=5.36595  val_L1_amb=3.55994
  lam=0.7500  epoch 007/200  train_pulse_L1=5.31968  val_L1=5.33128  val_L1_amb=3.34251
  lam=0.7500  epoch 008/200  train_pulse_L1=5.26383  val_L1=5.31221  val_L1_amb=3.29534
  lam=0.7500  epoch 009/200  train_pulse_L1=5.23733  val_L1=5.26544  val_L1_amb=3.20690
  lam=0.7500  epoch 010/200  train_pulse_L1=5.19073  val_L1=5.19216  val_L1_amb=3.21737
  lam=0.7500  epoch 011/200  train_pulse_L1=5.14012  val_L1=5.21049  val_L1_amb=3.17949
  lam=0.7500  epoch 012/200  train_pulse_L1=5.09470  val_L1=5.18997  val_L1_amb=3.06099
  lam=0.7500  epoch 013/200  train_pulse_L1=5.06259  val_L1=5.13751  val_L1_amb=2.98925
  lam=0.7500  epoch 014/200  train_pulse_L1=5.01050  val_L1=5.15646  val_L1_amb=2.95146
  lam=0.7500  epoch 015/200  train_pulse_L1=4.97736  val_L1=5.13117  val_L1_amb=2.94995
  lam=0.7500  epoch 016/200  train_pulse_L1=4.94311  val_L1=5.03764  val_L1_amb=2.85905
  lam=0.7500  epoch 017/200  train_pulse_L1=4.90179  val_L1=5.03173  val_L1_amb=2.81903
  lam=0.7500  epoch 018/200  train_pulse_L1=4.83640  val_L1=5.09123  val_L1_amb=2.83702
  lam=0.7500  epoch 019/200  train_pulse_L1=4.80901  val_L1=5.08741  val_L1_amb=2.80237
  lam=0.7500  epoch 020/200  train_pulse_L1=4.74990  val_L1=5.02068  val_L1_amb=2.78764
  lam=0.7500  epoch 021/200  train_pulse_L1=4.73329  val_L1=5.09311  val_L1_amb=2.79624
  lam=0.7500  epoch 022/200  train_pulse_L1=4.67235  val_L1=5.03966  val_L1_amb=2.77420
  lam=0.7500  epoch 023/200  train_pulse_L1=4.62125  val_L1=4.98588  val_L1_amb=2.70399
  lam=0.7500  epoch 024/200  train_pulse_L1=4.54433  val_L1=5.03919  val_L1_amb=2.75401
  lam=0.7500  epoch 025/200  train_pulse_L1=4.49472  val_L1=5.04347  val_L1_amb=2.75080
  lam=0.7500  epoch 026/200  train_pulse_L1=4.44459  val_L1=5.01589  val_L1_amb=2.69696
  lam=0.7500  epoch 027/200  train_pulse_L1=4.38315  val_L1=4.97293  val_L1_amb=2.70908
  lam=0.7500  epoch 028/200  train_pulse_L1=4.32320  val_L1=5.02036  val_L1_amb=2.75809
  lam=0.7500  epoch 029/200  train_pulse_L1=4.22505  val_L1=4.99854  val_L1_amb=2.73115
  lam=0.7500  epoch 030/200  train_pulse_L1=4.17841  val_L1=5.00264  val_L1_amb=2.71824
  lam=0.7500  epoch 031/200  train_pulse_L1=4.11352  val_L1=5.01040  val_L1_amb=2.72967
  lam=0.7500  epoch 032/200  train_pulse_L1=4.06043  val_L1=4.99830  val_L1_amb=2.71078
  lam=0.7500  epoch 033/200  train_pulse_L1=3.98392  val_L1=5.05831  val_L1_amb=2.73446
  lam=0.7500  epoch 034/200  train_pulse_L1=3.90719  val_L1=5.11508  val_L1_amb=2.74301
  lam=0.7500  epoch 035/200  train_pulse_L1=3.83866  val_L1=5.07155  val_L1_amb=2.75165
  lam=0.7500  epoch 036/200  train_pulse_L1=3.75765  val_L1=5.06394  val_L1_amb=2.74904
  lam=0.7500  epoch 037/200  train_pulse_L1=3.70954  val_L1=5.07403  val_L1_amb=2.73443
  lam=0.7500  epoch 038/200  train_pulse_L1=3.68729  val_L1=5.09421  val_L1_amb=2.81245
  lam=0.7500  epoch 039/200  train_pulse_L1=3.58038  val_L1=5.08073  val_L1_amb=2.73615
  lam=0.7500  epoch 040/200  train_pulse_L1=3.52086  val_L1=4.97963  val_L1_amb=2.77178
  lam=0.7500  epoch 041/200  train_pulse_L1=3.41256  val_L1=4.97709  val_L1_amb=2.76405
  lam=0.7500  epoch 042/200  train_pulse_L1=3.36559  val_L1=5.09957  val_L1_amb=2.75746
  lam=0.7500  epoch 043/200  train_pulse_L1=3.33795  val_L1=5.09377  val_L1_amb=2.79999
  lam=0.7500  epoch 044/200  train_pulse_L1=3.27329  val_L1=5.09209  val_L1_amb=2.75635
  lam=0.7500  epoch 045/200  train_pulse_L1=3.19076  val_L1=5.03329  val_L1_amb=2.82944
  lam=0.7500  epoch 046/200  train_pulse_L1=3.13007  val_L1=5.07921  val_L1_amb=2.77548
  lam=0.7500  epoch 047/200  train_pulse_L1=3.07439  val_L1=5.08416  val_L1_amb=2.84056
  lam=0.7500  epoch 048/200  train_pulse_L1=3.03784  val_L1=5.11881  val_L1_amb=2.81569
  lam=0.7500  epoch 049/200  train_pulse_L1=2.93100  val_L1=5.11564  val_L1_amb=2.82500
  lam=0.7500  epoch 050/200  train_pulse_L1=2.86416  val_L1=5.11040  val_L1_amb=2.87565
  lam=0.7500  epoch 051/200  train_pulse_L1=2.79888  val_L1=5.07191  val_L1_amb=2.84960
  early stop on val_L1_amb: patience=25, stopped=51, best_ep=26
  done lam=0.75  train=4.4446  val_raw=5.0159  val_amb=2.6970  wall=156s
[tstar_energy] λ*=0.75 by val_amb  train=4.4446  val_raw=5.0159  val_amb=2.6970
Saved histograms: D:\Haim\Haim 3rd paper\Ultra-Fast project\src\checkpoints\benchmark\data_c_canon_mix_ablation\canon_mix_error_histograms.png
Saved grouped: D:\Haim\Haim 3rd paper\Ultra-Fast project\src\checkpoints\benchmark\data_c_canon_mix_ablation\canon_mix_error_histograms_grouped.png

===== SUMMARY (at λ* by val_amb) =====
  (1) phase=t0, flip=Re             λ*=0.75  train=3.8285  val_raw=4.2181  val_amb=2.5042
  (2) phase=t0, flip=energy         λ*=0.75  train=3.5491  val_raw=4.6666  val_amb=2.8050
  (3) phase=t*, flip=Re             λ*=0.75  train=4.5851  val_raw=4.8462  val_amb=2.6771
  (4) phase=t*, flip=energy         λ*=0.75  train=4.4446  val_raw=5.0159  val_amb=2.6970

Lowest train:   (2) phase=t0, flip=energy (3.5491)
Lowest val raw: (1) phase=t0, flip=Re (4.2181)
Lowest val amb: (1) phase=t0, flip=Re (2.5042)
Wrote D:\Haim\Haim 3rd paper\Ultra-Fast project\src\checkpoints\benchmark\data_c_canon_mix_ablation\master_summary.json
