THREE_MAPS_W_from_output: ['0.1', '1', '10']
THREE_MAPS_ok: True
W_SWEEP_n: 16
W_SWEEP_first_last: (0.05, 10.0)
W_SWEEP_all: [0.05, 0.071, 0.101, 0.144, 0.205, 0.292, 0.416, 0.593, 0.844, 1.201, 1.71, 2.434, 3.466, 4.934, 7.024, 10.0]
W_SWEEP_ok: True
--- CELL27 OUT HEAD ---
L_s-t =    0.050 ╬╝m | ╬ö╬╕_FWHM =   44.025 ╬╝rad | ╬öE_FWHM =   0.2989 eV

L_s-t =    0.090 ╬╝m | ╬ö╬╕_FWHM =   40.234 ╬╝rad | ╬öE_FWHM =   0.2898 eV

L_s-t =    0.162 ╬╝m | ╬ö╬╕_FWHM =   41.666 ╬╝rad | ╬öE_FWHM =   0.2871 eV

L_s-t =    0.292 ╬╝m | ╬ö╬╕_FWHM =   40.454 ╬╝rad | ╬öE_FWHM =   0.2869 eV

L_s-t =    0.527 ╬╝m | ╬ö╬╕_FWHM =   38.072 ╬╝rad | ╬öE_FWHM =   0.2863 eV

L_s-t =    0.949 ╬╝m | ╬ö╬╕_FWHM =   32.757 ╬╝rad | ╬öE_FWHM =   0.2846 eV

L_s-t =    1.710 ╬╝m | ╬ö╬╕_FWHM =   24.938 ╬╝rad | ╬öE_FWHM =   0.2800 eV

L_s-t =    3.081 ╬╝m | ╬ö╬╕_FWHM =   18.041 ╬╝rad | ╬öE_FWHM =   0.2707 eV

L_s-t =    5.550 ╬╝m | ╬ö╬╕_FWHM =   14.093 ╬╝rad | ╬öE_FWHM =   0.2597 eV

L_s-t =   10.000 ╬╝m | ╬ö╬╕_FWHM =   12.522 ╬╝rad | ╬öE_FWHM =   0.2526 eV

   L_s-t [╬╝m]  angular FWHM [╬╝rad]  energy FWHM [eV]
0    0.050000            44.025475          0.298929
1    0.090082            40.234364          0.289785
2    0.162297            41.665888          0.287095
3    0.292402            40.454128          0.286910
4    0.526805            38.072141          0.286310
5    0.949118            32.756859          0.284592
6    1.709976            24.938314          0.279979
7    3.080775            18.041014          0.270711
8    5.550473            14.092951          0.259675
9   10.000000            12.522204          0.252561
CELL27 candidate first-col floats: []
--- CELL30 ---
   L_s-t [╬╝m]  ╬ö╬╕_FWHM analytic [╬╝rad]  ╬öE_FWHM analytic [eV]
0    0.050000               157.076003              15.771146
1    0.090082                87.184613               8.753732
2    0.162297                48.391585               4.858735
3    0.292402                26.859619               2.696828
4    0.526805                14.908359               1.496867
5    0.949118                 8.274845               0.830832
6    1.709976                 4.592930               0.461151
7    3.080775                 2.549294               0.255961
8    5.550473                 1.414979               0.142070
9   10.000000                 0.785380               0.078856
╬╕_B = 0.298017 rad (17.0751 deg)
k_╧ë = 4.974406e+10 1/m

CELL30 leading floats: []
EXPECTED_L_10: [0.05, 0.0900824, 0.162297, 0.292402, 0.526805, 0.949118, 1.70998, 3.08078, 5.55047, 10.0]
EXPECTED_W_16: [0.05, 0.0711823, 0.101338, 0.14427, 0.205389, 0.292402, 0.416277, 0.592631, 0.843696, 1.20112, 1.70998, 2.4344, 3.46572, 4.93396, 7.02422, 10.0]
W_SWEEP_matches_logspace_0.05_to_10_n16: False
pat L_s-t = \s*([0-9.]+)\s*╬╝m ['0.050', '0.090', '0.162', '0.292', '0.527', '0.949', '1.710', '3.081', '5.550', '10.000']
pat Lval|L_st_scan []
CELL27 html td sample: ['0.050000', '44.025475', '0.298929', '0.090082', '40.234364', '0.289785', '0.162297', '41.665888', '0.287095', '0.292402', '40.454128', '0.286910', '0.526805', '38.072141', '0.286310', '0.949118', '32.756859', '0.284592', '1.709976', '24.938314', '0.279979', '3.080775', '18.041014', '0.270711', '5.550473', '14.092951', '0.259675', '10.000000', '12.522204', '0.252561']
