Collecting nbconvert
  Downloading nbconvert-7.17.1-py3-none-any.whl.metadata (8.4 kB)
Collecting nbclient
  Downloading nbclient-0.11.0-py3-none-any.whl.metadata (7.3 kB)
Collecting nbformat
  Downloading nbformat-5.11.0-py3-none-any.whl.metadata (3.7 kB)
Collecting beautifulsoup4 (from nbconvert)
  Downloading beautifulsoup4-4.15.0-py3-none-any.whl.metadata (3.8 kB)
Collecting bleach!=5.0.0 (from bleach[css]!=5.0.0->nbconvert)
  Downloading bleach-6.4.0-py3-none-any.whl.metadata (32 kB)
Collecting defusedxml (from nbconvert)
  Downloading defusedxml-0.7.1-py2.py3-none-any.whl.metadata (32 kB)
Requirement already satisfied: jinja2>=3.0 in D:\Haim\Haim 3rd paper\Ultra-Fast project\.venv\Lib\site-packages (from nbconvert) (3.1.6)
Requirement already satisfied: jupyter-core>=4.7 in D:\Haim\Haim 3rd paper\Ultra-Fast project\.venv\Lib\site-packages (from nbconvert) (5.9.1)
Collecting jupyterlab-pygments (from nbconvert)
  Downloading jupyterlab_pygments-0.3.0-py3-none-any.whl.metadata (4.4 kB)
Requirement already satisfied: markupsafe>=2.0 in D:\Haim\Haim 3rd paper\Ultra-Fast project\.venv\Lib\site-packages (from nbconvert) (3.0.3)
Collecting mistune<4,>=2.0.3 (from nbconvert)
  Downloading mistune-3.3.4-py3-none-any.whl.metadata (1.9 kB)
Requirement already satisfied: packaging in D:\Haim\Haim 3rd paper\Ultra-Fast project\.venv\Lib\site-packages (from nbconvert) (26.0)
Collecting pandocfilters>=1.4.1 (from nbconvert)
  Downloading pandocfilters-1.5.1-py2.py3-none-any.whl.metadata (9.0 kB)
Requirement already satisfied: pygments>=2.4.1 in D:\Haim\Haim 3rd paper\Ultra-Fast project\.venv\Lib\site-packages (from nbconvert) (2.19.2)
Requirement already satisfied: traitlets>=5.1 in D:\Haim\Haim 3rd paper\Ultra-Fast project\.venv\Lib\site-packages (from nbconvert) (5.14.3)
Requirement already satisfied: jupyter-client>=7.0.0 in D:\Haim\Haim 3rd paper\Ultra-Fast project\.venv\Lib\site-packages (from nbclient) (8.8.0)
Collecting fastjsonschema>=2.15 (from nbformat)
  Downloading fastjsonschema-2.22.1-py3-none-any.whl.metadata (2.1 kB)
Collecting jsonschema>=2.6 (from nbformat)
  Downloading jsonschema-4.26.0-py3-none-any.whl.metadata (7.6 kB)
Collecting webencodings (from bleach!=5.0.0->bleach[css]!=5.0.0->nbconvert)
  Downloading webencodings-0.5.1-py2.py3-none-any.whl.metadata (2.1 kB)
Collecting tinycss2>=1.1.0 (from bleach[css]!=5.0.0->nbconvert)
  Downloading tinycss2-1.5.1-py3-none-any.whl.metadata (3.0 kB)
Requirement already satisfied: attrs>=22.2.0 in D:\Haim\Haim 3rd paper\Ultra-Fast project\.venv\Lib\site-packages (from jsonschema>=2.6->nbformat) (25.4.0)
Collecting jsonschema-specifications>=2023.03.6 (from jsonschema>=2.6->nbformat)
  Downloading jsonschema_specifications-2025.9.1-py3-none-any.whl.metadata (2.9 kB)
Collecting referencing>=0.28.4 (from jsonschema>=2.6->nbformat)
  Downloading referencing-0.37.0-py3-none-any.whl.metadata (2.8 kB)
Collecting rpds-py>=0.25.0 (from jsonschema>=2.6->nbformat)
  Downloading rpds_py-2026.6.3-cp312-cp312-win_amd64.whl.metadata (4.2 kB)
Requirement already satisfied: python-dateutil>=2.8.2 in D:\Haim\Haim 3rd paper\Ultra-Fast project\.venv\Lib\site-packages (from jupyter-client>=7.0.0->nbclient) (2.9.0.post0)
Requirement already satisfied: pyzmq>=25.0 in D:\Haim\Haim 3rd paper\Ultra-Fast project\.venv\Lib\site-packages (from jupyter-client>=7.0.0->nbclient) (27.1.0)
Requirement already satisfied: tornado>=6.4.1 in D:\Haim\Haim 3rd paper\Ultra-Fast project\.venv\Lib\site-packages (from jupyter-client>=7.0.0->nbclient) (6.5.4)
Requirement already satisfied: platformdirs>=2.5 in D:\Haim\Haim 3rd paper\Ultra-Fast project\.venv\Lib\site-packages (from jupyter-core>=4.7->nbconvert) (4.9.1)
Requirement already satisfied: six>=1.5 in D:\Haim\Haim 3rd paper\Ultra-Fast project\.venv\Lib\site-packages (from python-dateutil>=2.8.2->jupyter-client>=7.0.0->nbclient) (1.17.0)
Requirement already satisfied: typing-extensions>=4.4.0 in D:\Haim\Haim 3rd paper\Ultra-Fast project\.venv\Lib\site-packages (from referencing>=0.28.4->jsonschema>=2.6->nbformat) (4.15.0)
Collecting soupsieve>=1.6.1 (from beautifulsoup4->nbconvert)
  Downloading soupsieve-2.9.2-py3-none-any.whl.metadata (4.6 kB)
Downloading nbconvert-7.17.1-py3-none-any.whl (261 kB)
Downloading mistune-3.3.4-py3-none-any.whl (66 kB)
Downloading nbclient-0.11.0-py3-none-any.whl (25 kB)
Downloading nbformat-5.11.0-py3-none-any.whl (79 kB)
Downloading bleach-6.4.0-py3-none-any.whl (165 kB)
Downloading fastjsonschema-2.22.1-py3-none-any.whl (26 kB)
Downloading jsonschema-4.26.0-py3-none-any.whl (90 kB)
Downloading jsonschema_specifications-2025.9.1-py3-none-any.whl (18 kB)
Downloading pandocfilters-1.5.1-py2.py3-none-any.whl (8.7 kB)
Downloading referencing-0.37.0-py3-none-any.whl (26 kB)
Downloading rpds_py-2026.6.3-cp312-cp312-win_amd64.whl (220 kB)
Downloading tinycss2-1.5.1-py3-none-any.whl (28 kB)
Downloading webencodings-0.5.1-py2.py3-none-any.whl (11 kB)
Downloading beautifulsoup4-4.15.0-py3-none-any.whl (109 kB)
Downloading soupsieve-2.9.2-py3-none-any.whl (37 kB)
Downloading defusedxml-0.7.1-py2.py3-none-any.whl (25 kB)
Downloading jupyterlab_pygments-0.3.0-py3-none-any.whl (15 kB)
Installing collected packages: webencodings, tinycss2, soupsieve, rpds-py, pandocfilters, mistune, jupyterlab-pygments, fastjsonschema, defusedxml, bleach, referencing, beautifulsoup4, jsonschema-specifications, jsonschema, nbformat, nbclient, nbconvert


Successfully installed beautifulsoup4-4.15.0 bleach-6.4.0 defusedxml-0.7.1 fastjsonschema-2.22.1 jsonschema-4.26.0 jsonschema-specifications-2025.9.1 jupyterlab-pygments-0.3.0 mistune-3.3.4 nbclient-0.11.0 nbconvert-7.17.1 nbformat-5.11.0 pandocfilters-1.5.1 referencing-0.37.0 rpds-py-2026.6.3 soupsieve-2.9.2 tinycss2-1.5.1 webencodings-0.5.1
